Archive member included to satisfy reference by file (symbol)

d:\Other\嵌赛\git_ch585\code\Libraries\WCH\CH585\BLE\LIB\libCH58xBLE_PERI.a(message.o)
                              ./Libraries/WCH/CH585/BLE/HAL/MCU.o (tmos_msg_deallocate)
d:\Other\嵌赛\git_ch585\code\Libraries\WCH\CH585\BLE\LIB\libCH58xBLE_PERI.a(tmos.o)
                              ./Libraries/WCH/CH585/BLE/HAL/MCU.o (tmos_memcpy)
d:\Other\嵌赛\git_ch585\code\Libraries\WCH\CH585\BLE\LIB\libCH58xBLE_PERI.a(tmos_hw.o)
                              d:\Other\嵌赛\git_ch585\code\Libraries\WCH\CH585\BLE\LIB\libCH58xBLE_PERI.a(tmos.o) (bleClock_t)
d:\Other\嵌赛\git_ch585\code\Libraries\WCH\CH585\BLE\LIB\libCH58xBLE_PERI.a(tmos_snv.o)
                              d:\Other\嵌赛\git_ch585\code\Libraries\WCH\CH585\BLE\LIB\libCH58xBLE_PERI.a(tmos.o) (tmos_snv_init)
d:\Other\嵌赛\git_ch585\code\Libraries\WCH\CH585\BLE\LIB\libCH58xBLE_PERI.a(gap.o)
                              ./App/BLE/hiddev.o (GAP_SetParamValue)
d:\Other\嵌赛\git_ch585\code\Libraries\WCH\CH585\BLE\LIB\libCH58xBLE_PERI.a(gap_peripheral.o)
                              ./App/BLE/hidmouse.o (GAP_ConfigDeviceAddr)
d:\Other\嵌赛\git_ch585\code\Libraries\WCH\CH585\BLE\LIB\libCH58xBLE_PERI.a(gapgattserver.o)
                              ./App/BLE/hidmouse.o (GGS_SetParameter)
d:\Other\嵌赛\git_ch585\code\Libraries\WCH\CH585\BLE\LIB\libCH58xBLE_PERI.a(gatt.o)
                              ./App/BLE/battservice.o (GATT_bm_alloc)
d:\Other\嵌赛\git_ch585\code\Libraries\WCH\CH585\BLE\LIB\libCH58xBLE_PERI.a(gatt_uuid.o)
                              ./App/BLE/battservice.o (reportRefUUID)
d:\Other\嵌赛\git_ch585\code\Libraries\WCH\CH585\BLE\LIB\libCH58xBLE_PERI.a(gattclientapp.o)
                              d:\Other\嵌赛\git_ch585\code\Libraries\WCH\CH585\BLE\LIB\libCH58xBLE_PERI.a(gatt.o) (gattGetClientStatus)
d:\Other\嵌赛\git_ch585\code\Libraries\WCH\CH585\BLE\LIB\libCH58xBLE_PERI.a(gattservapp.o)
                              ./App/BLE/battservice.o (GATTServApp_ReadCharCfg)
d:\Other\嵌赛\git_ch585\code\Libraries\WCH\CH585\BLE\LIB\libCH58xBLE_PERI.a(l2cap.o)
                              d:\Other\嵌赛\git_ch585\code\Libraries\WCH\CH585\BLE\LIB\libCH58xBLE_PERI.a(gatt.o) (L2CAP_GetMTU)
d:\Other\嵌赛\git_ch585\code\Libraries\WCH\CH585\BLE\LIB\libCH58xBLE_PERI.a(l2cap_input.o)
                              d:\Other\嵌赛\git_ch585\code\Libraries\WCH\CH585\BLE\LIB\libCH58xBLE_PERI.a(l2cap.o) (l2capProcessRxData)
d:\Other\嵌赛\git_ch585\code\Libraries\WCH\CH585\BLE\LIB\libCH58xBLE_PERI.a(l2cap_output.o)
                              d:\Other\嵌赛\git_ch585\code\Libraries\WCH\CH585\BLE\LIB\libCH58xBLE_PERI.a(l2cap_input.o) (l2capNotifyData)
d:\Other\嵌赛\git_ch585\code\Libraries\WCH\CH585\BLE\LIB\libCH58xBLE_PERI.a(l2cap_sdu.o)
                              d:\Other\嵌赛\git_ch585\code\Libraries\WCH\CH585\BLE\LIB\libCH58xBLE_PERI.a(l2cap_input.o) (l2capBuildDisconnectRsp)
d:\Other\嵌赛\git_ch585\code\Libraries\WCH\CH585\BLE\LIB\libCH58xBLE_PERI.a(linkdb.o)
                              d:\Other\嵌赛\git_ch585\code\Libraries\WCH\CH585\BLE\LIB\libCH58xBLE_PERI.a(l2cap.o) (linkDB_Init)
d:\Other\嵌赛\git_ch585\code\Libraries\WCH\CH585\BLE\LIB\libCH58xBLE_PERI.a(sm.o)
                              d:\Other\嵌赛\git_ch585\code\Libraries\WCH\CH585\BLE\LIB\libCH58xBLE_PERI.a(gap.o) (smFreePairingParams)
d:\Other\嵌赛\git_ch585\code\Libraries\WCH\CH585\BLE\LIB\libCH58xBLE_PERI.a(sm_initiator.o)
                              d:\Other\嵌赛\git_ch585\code\Libraries\WCH\CH585\BLE\LIB\libCH58xBLE_PERI.a(sm.o) (smInitiatorSendNextKeyInfo)
d:\Other\嵌赛\git_ch585\code\Libraries\WCH\CH585\BLE\LIB\libCH58xBLE_PERI.a(sm_pdu.o)
                              d:\Other\嵌赛\git_ch585\code\Libraries\WCH\CH585\BLE\LIB\libCH58xBLE_PERI.a(sm.o) (smpBuildPairingReq)
d:\Other\嵌赛\git_ch585\code\Libraries\WCH\CH585\BLE\LIB\libCH58xBLE_PERI.a(sm_responding.o)
                              d:\Other\嵌赛\git_ch585\code\Libraries\WCH\CH585\BLE\LIB\libCH58xBLE_PERI.a(sm.o) (smResponderSendNextKeyInfo)
d:\Other\嵌赛\git_ch585\code\Libraries\WCH\CH585\BLE\LIB\libCH58xBLE_PERI.a(sm_toolbox.o)
                              d:\Other\嵌赛\git_ch585\code\Libraries\WCH\CH585\BLE\LIB\libCH58xBLE_PERI.a(sm.o) (sm_ah)
d:\Other\嵌赛\git_ch585\code\Libraries\WCH\CH585\BLE\LIB\libCH58xBLE_PERI.a(host_input.o)
                              d:\Other\嵌赛\git_ch585\code\Libraries\WCH\CH585\BLE\LIB\libCH58xBLE_PERI.a(gap.o) (gBleHostPara)
d:\Other\嵌赛\git_ch585\code\Libraries\WCH\CH585\BLE\LIB\libCH58xBLE_PERI.a(host_output.o)
                              d:\Other\嵌赛\git_ch585\code\Libraries\WCH\CH585\BLE\LIB\libCH58xBLE_PERI.a(gap.o) (HCI_DisconnectCmd)
d:\Other\嵌赛\git_ch585\code\Libraries\WCH\CH585\BLE\LIB\libCH58xBLE_PERI.a(rf_fh.o)
                              d:\Other\嵌赛\git_ch585\code\Libraries\WCH\CH585\BLE\LIB\libCH58xBLE_PERI.a(tmos.o) (rfInfo)
d:\Other\嵌赛\git_ch585\code\Libraries\WCH\CH585\BLE\LIB\libCH58xBLE_PERI.a(ll.o)
[...]
Memory Configuration

Name             Origin             Length             Attributes
FLASH            0x0000000000000000 0x0000000000070000 xr
RAM              0x0000000020000000 0x0000000000020000 xrw
*default*        0x0000000000000000 0xffffffffffffffff

Linker script and memory map

LOAD ./Libraries/WCH/CH585/StdPeriphDriver/CH58x_adc.o
LOAD ./Libraries/WCH/CH585/StdPeriphDriver/CH58x_clk.o
LOAD ./Libraries/WCH/CH585/StdPeriphDriver/CH58x_flash.o
LOAD ./Libraries/WCH/CH585/StdPeriphDriver/CH58x_gpio.o
LOAD ./Libraries/WCH/CH585/StdPeriphDriver/CH58x_i2c.o
LOAD ./Libraries/WCH/CH585/StdPeriphDriver/CH58x_lcd.o
LOAD ./Libraries/WCH/CH585/StdPeriphDriver/CH58x_pwm.o
LOAD ./Libraries/WCH/CH585/StdPeriphDriver/CH58x_pwr.o
LOAD ./Libraries/WCH/CH585/StdPeriphDriver/CH58x_spi0.o
LOAD ./Libraries/WCH/CH585/StdPeriphDriver/CH58x_spi1.o
LOAD ./Libraries/WCH/CH585/StdPeriphDriver/CH58x_sys.o
LOAD ./Libraries/WCH/CH585/StdPeriphDriver/CH58x_timer0.o
LOAD ./Libraries/WCH/CH585/StdPeriphDriver/CH58x_timer1.o
LOAD ./Libraries/WCH/CH585/StdPeriphDriver/CH58x_timer2.o
LOAD ./Libraries/WCH/CH585/StdPeriphDriver/CH58x_timer3.o
LOAD ./Libraries/WCH/CH585/StdPeriphDriver/CH58x_uart0.o
LOAD ./Libraries/WCH/CH585/StdPeriphDriver/CH58x_uart1.o
LOAD ./Libraries/WCH/CH585/StdPeriphDriver/CH58x_uart2.o
LOAD ./Libraries/WCH/CH585/StdPeriphDriver/CH58x_uart3.o
LOAD ./Libraries/WCH/CH585/StdPeriphDriver/CH58x_usbdev.o
LOAD ./Libraries/WCH/CH585/StdPeriphDriver/CH58x_usbhostBase.o
LOAD ./Libraries/WCH/CH585/StdPeriphDriver/CH58x_usbhostClass.o
LOAD ./Libraries/WCH/CH585/Startup/startup_CH585.o
LOAD ./Libraries/WCH/CH585/BLE/LIB/ble_task_scheduler.o
LOAD ./Libraries/WCH/CH585/BLE/HAL/KEY.o
LOAD ./Libraries/WCH/CH585/BLE/HAL/LED.o
LOAD ./Libraries/WCH/CH585/BLE/HAL/MCU.o
LOAD ./Libraries/WCH/CH585/BLE/HAL/RTC.o
LOAD ./Libraries/WCH/CH585/BLE/HAL/SLEEP.o
LOAD ./Bsp/TouchPad/bsp_touchpad.o
LOAD ./Bsp/Motor/bsp_motor.o
LOAD ./Bsp/IMU/bsp_bmi270.o
LOAD ./Bsp/I2C/bsp_i2c_bus.o
LOAD ./Bsp/HR/bsp_max30100.o
LOAD ./Bsp/Disp/bsp_disp.o
LOAD ./Bsp/bsp_display_touch_test.o
LOAD ./App/BLE/battservice.o
LOAD ./App/BLE/devinfoservice.o
LOAD ./App/BLE/hiddev.o
LOAD ./App/BLE/hidmouse.o
LOAD ./App/BLE/hidmouseservice.o
LOAD ./App/BLE/scanparamservice.o
LOAD ./App/main.o
LOAD d:\Other\嵌赛\git_ch585\code\Libraries\WCH\CH585\BLE\LIB\libCH58xBLE_PERI.a
LOAD d:\Other\嵌赛\git_ch585\code\Libraries\WCH\CH585\StdPeriphDriver\libISP585.a
LOAD e:/app/app/mounriver_studio_setup_v220/app_location/mounriver_studio2/resources/app/resources/win32/components/wch/toolchain/risc-v embedded gcc12/bin/../lib/gcc/riscv-wch-elf/12.2.0/../../../../riscv-wch-elf/lib/rv32imc_zba_zbb_zbc_zbs_xw/ilp32\libm_nano.a
LOAD e:/app/app/mounriver_studio_setup_v220/app_location/mounriver_studio2/resources/app/resources/win32/components/wch/toolchain/risc-v embedded gcc12/bin/../lib/gcc/riscv-wch-elf/12.2.0/rv32imc_zba_zbb_zbc_zbs_xw/ilp32\libgcc.a
LOAD e:/app/app/mounriver_studio_setup_v220/app_location/mounriver_studio2/resources/app/resources/win32/components/wch/toolchain/risc-v embedded gcc12/bin/../lib/gcc/riscv-wch-elf/12.2.0/../../../../riscv-wch-elf/lib/rv32imc_zba_zbb_zbc_zbs_xw/ilp32\libg_nano.a
LOAD e:/app/app/mounriver_studio_setup_v220/app_location/mounriver_studio2/resources/app/resources/win32/components/wch/toolchain/risc-v embedded gcc12/bin/../lib/gcc/riscv-wch-elf/12.2.0/../../../../riscv-wch-elf/lib/rv32imc_zba_zbb_zbc_zbs_xw/ilp32\libc_nano.a
LOAD e:/app/app/mounriver_studio_setup_v220/app_location/mounriver_studio2/resources/app/resources/win32/components/wch/toolchain/risc-v embedded gcc12/bin/../lib/gcc/riscv-wch-elf/12.2.0/rv32imc_zba_zbb_zbc_zbs_xw/ilp32\libgcc.a
START GROUP
LOAD e:/app/app/mounriver_studio_setup_v220/app_location/mounriver_studio2/resources/app/resources/win32/components/wch/toolchain/risc-v embedded gcc12/bin/../lib/gcc/riscv-wch-elf/12.2.0/rv32imc_zba_zbb_zbc_zbs_xw/ilp32\libgcc.a
LOAD e:/app/app/mounriver_studio_setup_v220/app_location/mounriver_studio2/resources/app/resources/win32/components/wch/toolchain/risc-v embedded gcc12/bin/../lib/gcc/riscv-wch-elf/12.2.0/../../../../riscv-wch-elf/lib/rv32imc_zba_zbb_zbc_zbs_xw/ilp32\libc_nano.a
LOAD e:/app/app/mounriver_studio_setup_v220/app_location/mounriver_studio2/resources/app/resources/win32/components/wch/toolchain/risc-v embedded gcc12/bin/../lib/gcc/riscv-wch-elf/12.2.0/../../../../riscv-wch-elf/lib/rv32imc_zba_zbb_zbc_zbs_xw/ilp32\libnosys.a
END GROUP
START GROUP
LOAD e:/app/app/mounriver_studio_setup_v220/app_location/mounriver_studio2/resources/app/resources/win32/components/wch/toolchain/risc-v embedded gcc12/bin/../lib/gcc/riscv-wch-elf/12.2.0/rv32imc_zba_zbb_zbc_zbs_xw/ilp32\libgcc.a
LOAD e:/app/app/mounriver_studio_setup_v220/app_location/mounriver_studio2/resources/app/resources/win32/components/wch/toolchain/risc-v embedded gcc12/bin/../lib/gcc/riscv-wch-elf/12.2.0/../../../../riscv-wch-elf/lib/rv32imc_zba_zbb_zbc_zbs_xw/ilp32\libc_nano.a
LOAD e:/app/app/mounriver_studio_setup_v220/app_location/mounriver_studio2/resources/app/resources/win32/components/wch/toolchain/risc-v embedded gcc12/bin/../lib/gcc/riscv-wch-elf/12.2.0/../../../../riscv-wch-elf/lib/rv32imc_zba_zbb_zbc_zbs_xw/ilp32\libnosys.a
END GROUP

.init           0x0000000000000000        0x4
                0x0000000000000000                _sinit = .
                0x0000000000000000                . = ALIGN (0x4)
 *(SORT_NONE(.init))
 .init          0x0000000000000000        0x4 ./Libraries/WCH/CH585/Startup/startup_CH585.o
                0x0000000000000000                _start
                0x0000000000000004                . = ALIGN (0x4)
                0x0000000000000004                _einit = .

.highcode_initlalign
                0x0000000000000004        0x0
                0x0000000000000004                . = ALIGN (0x4)
                0x0000000000000004                PROVIDE (_highcode_init_lma = .)

.highcode_init  0x0000000020000000      0x1fc load address 0x0000000000000004
                0x0000000020000000                PROVIDE (_highcode_init_vma_start = .)
                0x0000000020000000                . = ALIGN (0x400)
 *(.vector)
 .vector        0x0000000020000000       0xa0 ./Libraries/WCH/CH585/Startup/startup_CH585.o
                0x0000000020000000                _vector_base
 *(SORT_NONE(.vector_handler))
 .vector_handler
                0x00000000200000a0        0x2 ./Libraries/WCH/CH585/Startup/startup_CH585.o
                0x00000000200000a0                NFC_IRQHandler
                0x00000000200000a0                GPIOB_IRQHandler
                0x00000000200000a0                SysTick_Handler
                0x00000000200000a0                NMI_Handler
                0x00000000200000a0                UART1_IRQHandler
                0x00000000200000a0                UART0_IRQHandler
                0x00000000200000a0                BB_IRQHandler
                0x00000000200000a0                Break_Point_Handler
                0x00000000200000a0                TMR0_IRQHandler
                0x00000000200000a0                LED_IRQHandler
                0x00000000200000a0                UART2_IRQHandler
                0x00000000200000a0                ADC_IRQHandler
                0x00000000200000a0                TMR2_IRQHandler
                0x00000000200000a0                USB_IRQHandler
                0x00000000200000a0                I2C_IRQHandler
                0x00000000200000a0                WDOG_BAT_IRQHandler
                0x00000000200000a0                TMR3_IRQHandler
                0x00000000200000a0                SW_Handler
                0x00000000200000a0                SPI0_IRQHandler
                0x00000000200000a0                USB2_HOST_IRQHandler
                0x00000000200000a0                PWMX_SPI1_IRQHandler
                0x00000000200000a0                UART3_IRQHandler
                0x00000000200000a0                USB2_DEVICE_IRQHandler
                0x00000000200000a0                TMR1_IRQHandler
 *(.highcode_init)
 .highcode_init
                0x00000000200000a2       0xae ./Libraries/WCH/CH585/StdPeriphDriver/CH58x_sys.o
                0x00000000200000a2                highcode_init
 .highcode_init
                0x0000000020000150       0xaa ./Libraries/WCH/CH585/Startup/startup_CH585.o
 *(.highcode_init.*)
                0x00000000200001fc                . = ALIGN (0x4)
 *fill*         0x00000000200001fa        0x2 
                0x00000000200001fc                PROVIDE (_highcode_init_vma_end = .)

.highcodelalign
                0x0000000000000200        0x0
                0x0000000000000200                . = ALIGN (0x4)
                0x0000000000000200                PROVIDE (_highcode_lma = .)

.highcode       0x00000000200001fc     0x3554 load address 0x0000000000000200
                0x00000000200001fc                . = ALIGN (0x4)
                0x00000000200001fc                PROVIDE (_highcode_vma_start = .)
 *(.highcode)
 .highcode      0x00000000200001fc       0x4e ./Libraries/WCH/CH585/BLE/LIB/ble_task_scheduler.o
                0x00000000200001fc                Ecall_U_Mode_Handler
                0x00000000200001fc                Ecall_M_Mode_Handler
 *(.highcode.*)
 .highcode.RTC_GetCycle32k
                0x000000002000024a       0x18 ./Libraries/WCH/CH585/StdPeriphDriver/CH58x_clk.o
                0x000000002000024a                RTC_GetCycle32k
 .highcode.SetSysClock
                0x0000000020000262      0x1a4 ./Libraries/WCH/CH585/StdPeriphDriver/CH58x_sys.o
                0x0000000020000262                SetSysClock
 .highcode.SYS_DisableAllIrq
                0x0000000020000406       0x1c ./Libraries/WCH/CH585/StdPeriphDriver/CH58x_sys.o
                0x0000000020000406                SYS_DisableAllIrq
 .highcode.SYS_RecoverIrq
                0x0000000020000422       0x14 ./Libraries/WCH/CH585/StdPeriphDriver/CH58x_sys.o
                0x0000000020000422                SYS_RecoverIrq
 .highcode.HardFault_Handler
                0x0000000020000436       0x80 ./Libraries/WCH/CH585/StdPeriphDriver/CH58x_sys.o
                0x0000000020000436                HardFault_Handler
 .highcode.mDelayuS
                0x00000000200004b6       0x16 ./Libraries/WCH/CH585/StdPeriphDriver/CH58x_sys.o
                0x00000000200004b6                mDelayuS
 .highcode.mDelaymS
                0x00000000200004cc       0x1e ./Libraries/WCH/CH585/StdPeriphDriver/CH58x_sys.o
                0x00000000200004cc                mDelaymS
 *fill*         0x00000000200004ea        0x2 
 .highcode.LLE_IRQHandler
                0x00000000200004ec       0x86 ./Libraries/WCH/CH585/BLE/LIB/ble_task_scheduler.o
                0x00000000200004ec                LLE_IRQHandler
 .highcode.SYS_GetClockValue
                0x0000000020000572       0x18 ./Libraries/WCH/CH585/BLE/HAL/RTC.o
 .highcode.SYS_SetPendingIRQ
                0x000000002000058a        0xe ./Libraries/WCH/CH585/BLE/HAL/RTC.o
 .highcode.RTC_IRQHandler
                0x0000000020000598       0x16 ./Libraries/WCH/CH585/BLE/HAL/RTC.o
                0x0000000020000598                RTC_IRQHandler
 .highcode.Main_Circulation
                0x00000000200005ae        0x8 ./App/main.o
                0x00000000200005ae                Main_Circulation
 .highcode.GPIOA_IRQHandler
                0x00000000200005b6        0x4 ./App/main.o
                0x00000000200005b6                GPIOA_IRQHandler
 .highcode.tmos_msg_enqueue
                0x00000000200005ba       0x1a d:\Other\嵌赛\git_ch585\code\Libraries\WCH\CH585\BLE\LIB\libCH58xBLE_PERI.a(message.o)
                0x00000000200005ba                tmos_msg_enqueue
 .highcode.tmos_msg_allocate
                0x00000000200005d4       0x62 d:\Other\嵌赛\git_ch585\code\Libraries\WCH\CH585\BLE\LIB\libCH58xBLE_PERI.a(message.o)
                0x00000000200005d4                tmos_msg_allocate
 .highcode.tmos_msg_receive
                0x0000000020000636       0x90 d:\Other\嵌赛\git_ch585\code\Libraries\WCH\CH585\BLE\LIB\libCH58xBLE_PERI.a(message.o)
                0x0000000020000636                tmos_msg_receive
 .highcode.tmos_memcpy
                0x00000000200006c6       0x2c d:\Other\嵌赛\git_ch585\code\Libraries\WCH\CH585\BLE\LIB\libCH58xBLE_PERI.a(tmos.o)
                0x00000000200006c6                tmos_memcpy
 .highcode.tmos_memcpy_word
                0x00000000200006f2       0x3c d:\Other\嵌赛\git_ch585\code\Libraries\WCH\CH585\BLE\LIB\libCH58xBLE_PERI.a(tmos.o)
                0x00000000200006f2                tmos_memcpy_word
 .highcode.tmos_memset
                0x000000002000072e       0x32 d:\Other\嵌赛\git_ch585\code\Libraries\WCH\CH585\BLE\LIB\libCH58xBLE_PERI.a(tmos.o)
                0x000000002000072e                tmos_memset
 .highcode.tmos_strlen
                0x0000000020000760       0x30 d:\Other\嵌赛\git_ch585\code\Libraries\WCH\CH585\BLE\LIB\libCH58xBLE_PERI.a(tmos.o)
                0x0000000020000760                tmos_strlen
 .highcode.tmos_memdup
                0x0000000020000790       0x50 d:\Other\嵌赛\git_ch585\code\Libraries\WCH\CH585\BLE\LIB\libCH58xBLE_PERI.a(tmos.o)
                0x0000000020000790                tmos_memdup
 .highcode.tmos_memcmp
                0x00000000200007e0       0x4c d:\Other\嵌赛\git_ch585\code\Libraries\WCH\CH585\BLE\LIB\libCH58xBLE_PERI.a(tmos.o)
                0x00000000200007e0                tmos_memcmp
 .highcode.tmos_revmemcpy
                0x000000002000082c       0x36 d:\Other\嵌赛\git_ch585\code\Libraries\WCH\CH585\BLE\LIB\libCH58xBLE_PERI.a(tmos.o)
                0x000000002000082c                tmos_revmemcpy
 .highcode.tmos_isbufset
                0x0000000020000862       0x40 d:\Other\嵌赛\git_ch585\code\Libraries\WCH\CH585\BLE\LIB\libCH58xBLE_PERI.a(tmos.o)
                0x0000000020000862                tmos_isbufset
 .highcode.tmos_proces_system_time
                0x00000000200008a2      0x134 d:\Other\嵌赛\git_ch585\code\Libraries\WCH\CH585\BLE\LIB\libCH58xBLE_PERI.a(tmos.o)
 .highcode.tmos_proces_idle
                0x00000000200009d6      0x172 d:\Other\嵌赛\git_ch585\code\Libraries\WCH\CH585\BLE\LIB\libCH58xBLE_PERI.a(tmos.o)
                0x00000000200009d6                tmos_proces_idle
 .highcode.TMOS_SysRegister
                0x0000000020000b48        0xe d:\Other\嵌赛\git_ch585\code\Libraries\WCH\CH585\BLE\LIB\libCH58xBLE_PERI.a(tmos.o)
                0x0000000020000b48                TMOS_SysRegister
 .highcode.TMOS_ProcessRegister
                0x0000000020000b56       0x26 d:\Other\嵌赛\git_ch585\code\Libraries\WCH\CH585\BLE\LIB\libCH58xBLE_PERI.a(tmos.o)
                0x0000000020000b56                TMOS_ProcessRegister
 .highcode.ble_controller_func
                0x0000000020000b7c       0x2a d:\Other\嵌赛\git_ch585\code\Libraries\WCH\CH585\BLE\LIB\libCH58xBLE_PERI.a(tmos.o)
                0x0000000020000b7c                ble_controller_func
 .highcode.TMOS_SystemProcess
                0x0000000020000ba6      0x17e d:\Other\嵌赛\git_ch585\code\Libraries\WCH\CH585\BLE\LIB\libCH58xBLE_PERI.a(tmos.o)
                0x0000000020000ba6                TMOS_SystemProcess
 .highcode.clockGetHSEValue
                0x0000000020000d24       0x30 d:\Other\嵌赛\git_ch585\code\Libraries\WCH\CH585\BLE\LIB\libCH58xBLE_PERI.a(tmos_hw.o)
 .highcode.TMOS_IrqProcessRegister
                0x0000000020000d54        0x6 d:\Other\嵌赛\git_ch585\code\Libraries\WCH\CH585\BLE\LIB\libCH58xBLE_PERI.a(tmos_hw.o)
                0x0000000020000d54                TMOS_IrqProcessRegister
 .highcode.ll_adv_legacy_ind_tx_process
                0x0000000020000d5a       0x72 d:\Other\嵌赛\git_ch585\code\Libraries\WCH\CH585\BLE\LIB\libCH58xBLE_PERI.a(ll_advertise.o)
 .highcode.ll_advertise_tx
                0x0000000020000dcc      0x180 d:\Other\嵌赛\git_ch585\code\Libraries\WCH\CH585\BLE\LIB\libCH58xBLE_PERI.a(ll_advertise.o)
 .highcode.llAdvTraverseallChannel
                0x0000000020000f4c       0x30 d:\Other\嵌赛\git_ch585\code\Libraries\WCH\CH585\BLE\LIB\libCH58xBLE_PERI.a(ll_advertise.o)
 .highcode.ll_connect_send_data
                0x0000000020000f7c       0xf8 d:\Other\嵌赛\git_ch585\code\Libraries\WCH\CH585\BLE\LIB\libCH58xBLE_PERI.a(ll_connect.o)
                0x0000000020000f7c                ll_connect_send_data
 .highcode.ll_connect_recv_data
                0x0000000020001074       0xd0 d:\Other\嵌赛\git_ch585\code\Libraries\WCH\CH585\BLE\LIB\libCH58xBLE_PERI.a(ll_connect.o)
                0x0000000020001074                ll_connect_recv_data
 .highcode.ll_connect_event_continue
                0x0000000020001144       0xc2 d:\Other\嵌赛\git_ch585\code\Libraries\WCH\CH585\BLE\LIB\libCH58xBLE_PERI.a(ll_connect.o)
                0x0000000020001144                ll_connect_event_continue
 .highcode.ll_wait_connect_event
                0x0000000020001206        0xe d:\Other\嵌赛\git_ch585\code\Libraries\WCH\CH585\BLE\LIB\libCH58xBLE_PERI.a(ll_connect.o)
                0x0000000020001206                ll_wait_connect_event
 .highcode.ll_process_connect_event
                0x0000000020001214       0x58 d:\Other\嵌赛\git_ch585\code\Libraries\WCH\CH585\BLE\LIB\libCH58xBLE_PERI.a(ll_connect.o)
                0x0000000020001214                ll_process_connect_event
 .highcode.llProcessConnectEvent
                0x000000002000126c       0xce d:\Other\嵌赛\git_ch585\code\Libraries\WCH\CH585\BLE\LIB\libCH58xBLE_PERI.a(ll_connect.o)
 .highcode.LL_HopGetChannel
                0x000000002000133a       0xa4 d:\Other\嵌赛\git_ch585\code\Libraries\WCH\CH585\BLE\LIB\libCH58xBLE_PERI.a(ll_hop.o)
                0x000000002000133a                LL_HopGetChannel
 .highcode.LL_HopGetChannel2
                0x00000000200013de      0x270 d:\Other\嵌赛\git_ch585\code\Libraries\WCH\CH585\BLE\LIB\libCH58xBLE_PERI.a(ll_hop.o)
                0x00000000200013de                LL_HopGetChannel2
 .highcode.ll_resolvinglist_checkRPA
                0x000000002000164e       0x7c d:\Other\嵌赛\git_ch585\code\Libraries\WCH\CH585\BLE\LIB\libCH58xBLE_PERI.a(ll_resolvinglist.o)
                0x000000002000164e                ll_resolvinglist_checkRPA
 .highcode.LL_ResolvinglistPeerIdentifyAddressGetIrk
                0x00000000200016ca       0x4c d:\Other\嵌赛\git_ch585\code\Libraries\WCH\CH585\BLE\LIB\libCH58xBLE_PERI.a(ll_resolvinglist.o)
                0x00000000200016ca                LL_ResolvinglistPeerIdentifyAddressGetIrk
 .highcode.LL_ResolvinglistPeerRpaAddressGetIrk
                0x0000000020001716       0x38 d:\Other\嵌赛\git_ch585\code\Libraries\WCH\CH585\BLE\LIB\libCH58xBLE_PERI.a(ll_resolvinglist.o)
                0x0000000020001716                LL_ResolvinglistPeerRpaAddressGetIrk
 .highcode.LL_WhitelistLookup
                0x000000002000174e       0x46 d:\Other\嵌赛\git_ch585\code\Libraries\WCH\CH585\BLE\LIB\libCH58xBLE_PERI.a(ll_whitelist.o)
                0x000000002000174e                LL_WhitelistLookup
 *fill*         0x0000000020001794        0x0 
 .highcode.ble_controller_scheduler
                0x0000000020001794        0xa d:\Other\嵌赛\git_ch585\code\Libraries\WCH\CH585\BLE\LIB\libCH58xBLE_PERI.a(ble_task_process.o)
 *fill*         0x000000002000179e        0x2 
 .highcode.LLE_IRQLibHandler
                0x00000000200017a0       0x36 d:\Other\嵌赛\git_ch585\code\Libraries\WCH\CH585\BLE\LIB\libCH58xBLE_PERI.a(ble_task_process.o)
                0x00000000200017a0                LLE_IRQLibHandler
 .highcode.BB_IRQLibHandler
                0x00000000200017d6       0xe0 d:\Other\嵌赛\git_ch585\code\Libraries\WCH\CH585\BLE\LIB\libCH58xBLE_PERI.a(bb.o)
                0x00000000200017d6                BB_IRQLibHandler
 .highcode.BB_IRQLibFunction
                0x00000000200018b6        0x6 d:\Other\嵌赛\git_ch585\code\Libraries\WCH\CH585\BLE\LIB\libCH58xBLE_PERI.a(bb.o)
                0x00000000200018b6                BB_IRQLibFunction
 .highcode.lleIrqHandler
                0x00000000200018bc      0x12e d:\Other\嵌赛\git_ch585\code\Libraries\WCH\CH585\BLE\LIB\libCH58xBLE_PERI.a(ip.o)
 .highcode.ll_rx_wait_finish
                0x00000000200019ea       0x26 d:\Other\嵌赛\git_ch585\code\Libraries\WCH\CH585\BLE\LIB\libCH58xBLE_PERI.a(ip.o)
                0x00000000200019ea                ll_rx_wait_finish
 .highcode.ble_ll_chkcrc
                0x0000000020001a10       0x9e d:\Other\嵌赛\git_ch585\code\Libraries\WCH\CH585\BLE\LIB\libCH58xBLE_PERI.a(ip.o)
                0x0000000020001a10                ble_ll_chkcrc
 .highcode.BLE_SetPHYTxMode
                0x0000000020001aae       0xaa d:\Other\嵌赛\git_ch585\code\Libraries\WCH\CH585\BLE\LIB\libCH58xBLE_PERI.a(ip.o)
                0x0000000020001aae                BLE_SetPHYTxMode
 .highcode.ll_tx_wait_finish
                0x0000000020001b58      0x196 d:\Other\嵌赛\git_ch585\code\Libraries\WCH\CH585\BLE\LIB\libCH58xBLE_PERI.a(ip.o)
                0x0000000020001b58                ll_tx_wait_finish
 .highcode.BLE_SetPHYRxMode
                0x0000000020001cee       0x88 d:\Other\嵌赛\git_ch585\code\Libraries\WCH\CH585\BLE\LIB\libCH58xBLE_PERI.a(ip.o)
                0x0000000020001cee                BLE_SetPHYRxMode
 .highcode.LLE_IRQSubHandler
                0x0000000020001d76       0x18 d:\Other\嵌赛\git_ch585\code\Libraries\WCH\CH585\BLE\LIB\libCH58xBLE_PERI.a(lle.o)
                0x0000000020001d76                LLE_IRQSubHandler
 .highcode.RFEND_WaitTune
                0x0000000020001d8e       0x2a d:\Other\嵌赛\git_ch585\code\Libraries\WCH\CH585\BLE\LIB\libCH58xBLE_PERI.a(rfend.o)
                0x0000000020001d8e                RFEND_WaitTune
 .highcode.tmos_memory_allocate
                0x0000000020001db8       0xc6 d:\Other\嵌赛\git_ch585\code\Libraries\WCH\CH585\BLE\LIB\libCH58xBLE_PERI.a(memory.o)
                0x0000000020001db8                tmos_memory_allocate
 .highcode.tmos_memory_free
                0x0000000020001e7e       0xc4 d:\Other\嵌赛\git_ch585\code\Libraries\WCH\CH585\BLE\LIB\libCH58xBLE_PERI.a(memory.o)
                0x0000000020001e7e                tmos_memory_free
 .highcode.tmos_bm_adjust_header
                0x0000000020001f42       0x30 d:\Other\嵌赛\git_ch585\code\Libraries\WCH\CH585\BLE\LIB\libCH58xBLE_PERI.a(memory.o)
                0x0000000020001f42                tmos_bm_adjust_header
 .highcode.FLASH_ROM_BEG
                0x0000000020001f72       0x12 d:\Other\嵌赛\git_ch585\code\Libraries\WCH\CH585\StdPeriphDriver\libISP585.a(ISP585.o)
                0x0000000020001f72                FLASH_ROM_BEG
 .highcode.FLASH_ROM_END
                0x0000000020001f84        0xe d:\Other\嵌赛\git_ch585\code\Libraries\WCH\CH585\StdPeriphDriver\libISP585.a(ISP585.o)
                0x0000000020001f84                FLASH_ROM_END
 .highcode.FLASH_ROM_IN
                0x0000000020001f92        0xe d:\Other\嵌赛\git_ch585\code\Libraries\WCH\CH585\StdPeriphDriver\libISP585.a(ISP585.o)
                0x0000000020001f92                FLASH_ROM_IN
 .highcode.FLASH_ROM_OUT
                0x0000000020001fa0        0xe d:\Other\嵌赛\git_ch585\code\Libraries\WCH\CH585\StdPeriphDriver\libISP585.a(ISP585.o)
                0x0000000020001fa0                FLASH_ROM_OUT
 .highcode.FLASH_ROM_ADDR
                0x0000000020001fae       0x48 d:\Other\嵌赛\git_ch585\code\Libraries\WCH\CH585\StdPeriphDriver\libISP585.a(ISP585.o)
                0x0000000020001fae                FLASH_ROM_ADDR
 .highcode.FLASH_ROM_WAIT
                0x0000000020001ff6       0x38 d:\Other\嵌赛\git_ch585\code\Libraries\WCH\CH585\StdPeriphDriver\libISP585.a(ISP585.o)
                0x0000000020001ff6                FLASH_ROM_WAIT
 .highcode.FLASH_EEPROM_CMD
                0x000000002000202e      0x318 d:\Other\嵌赛\git_ch585\code\Libraries\WCH\CH585\StdPeriphDriver\libISP585.a(ISP585.o)
                0x000000002000202e                FLASH_EEPROM_CMD
 *(.highcode_lp)
 .highcode_lp   0x0000000020002346      0x2ba d:\Other\嵌赛\git_ch585\code\Libraries\WCH\CH585\BLE\LIB\libCH58xBLE_PERI.a(tmos.o)
                0x0000000020002346                TMOS_CB_ProcessEvent
                0x00000000200023a8                TMOS_CB_PeriodicProcessEvent
                0x0000000020002426                tmosFindTask
                0x0000000020002440                tmos_start_periodic_callback_task
                0x0000000020002540                tmos_set_event
                0x0000000020002586                tmos_update_periodic_callback_timer
 .highcode_lp   0x0000000020002600       0x6a d:\Other\嵌赛\git_ch585\code\Libraries\WCH\CH585\BLE\LIB\libCH58xBLE_PERI.a(gattservapp.o)
                0x0000000020002600                gattFindServerInfo
                0x0000000020002624                GATT_FindHandle
 .highcode_lp   0x000000002000266a       0x2e d:\Other\嵌赛\git_ch585\code\Libraries\WCH\CH585\BLE\LIB\libCH58xBLE_PERI.a(linkdb.o)
                0x000000002000266a                linkDB_Find
 .highcode_lp   0x0000000020002698      0x8a0 d:\Other\嵌赛\git_ch585\code\Libraries\WCH\CH585\BLE\LIB\libCH58xBLE_PERI.a(ll_advertise.o)
                0x0000000020002698                ll_advertise_event_closed
                0x00000000200027f8                ll_advertise_generated_pdu
                0x0000000020002bca                ll_adv_ext_ind_tx_process
 .highcode_lp   0x0000000020002f38      0x5fc d:\Other\嵌赛\git_ch585\code\Libraries\WCH\CH585\BLE\LIB\libCH58xBLE_PERI.a(ll_connect.o)
                0x0000000020002f38                ll_connect_start_event
                0x00000000200032e0                ll_get_connect_anchorPoint
 .highcode_lp   0x0000000020003534      0x21c d:\Other\嵌赛\git_ch585\code\Libraries\WCH\CH585\BLE\LIB\libCH58xBLE_PERI.a(ip.o)
                0x0000000020003534                BLE_CheckChannel
                0x0000000020003602                ble_ll_hw_api_shut
                0x000000002000367c                phy_status_clear
 *(.highcode_lp.*)
                0x0000000020003750                . = ALIGN (0x4)
 *fill*         0x0000000020003750        0x0 
                0x0000000020003750                PROVIDE (_highcode_vma_end = .)

.text           0x0000000000003754    0x20b20
                0x0000000000003754                . = ALIGN (0x4)
 *(SORT_NONE(.handle_reset))
 .handle_reset  0x0000000000003754       0x42 ./Libraries/WCH/CH585/Startup/startup_CH585.o
                0x0000000000003754                handle_reset
 *(.text)
 .text          0x0000000000003796       0x16 e:/app/app/mounriver_studio_setup_v220/app_location/mounriver_studio2/resources/app/resources/win32/components/wch/toolchain/risc-v embedded gcc12/bin/../lib/gcc/riscv-wch-elf/12.2.0/../../../../riscv-wch-elf/lib/rv32imc_zba_zbb_zbc_zbs_xw/ilp32\libg_nano.a(lib_a-memcpy-asm.o)
                0x0000000000003796                memcpy
 .text          0x00000000000037ac       0x10 e:/app/app/mounriver_studio_setup_v220/app_location/mounriver_studio2/resources/app/resources/win32/components/wch/toolchain/risc-v embedded gcc12/bin/../lib/gcc/riscv-wch-elf/12.2.0/../../../../riscv-wch-elf/lib/rv32imc_zba_zbb_zbc_zbs_xw/ilp32\libg_nano.a(lib_a-memset.o)
                0x00000000000037ac                memset
 .text          0x00000000000037bc       0x26 e:/app/app/mounriver_studio_setup_v220/app_location/mounriver_studio2/resources/app/resources/win32/components/wch/toolchain/risc-v embedded gcc12/bin/../lib/gcc/riscv-wch-elf/12.2.0/../../../../riscv-wch-elf/lib/rv32imc_zba_zbb_zbc_zbs_xw/ilp32\libg_nano.a(lib_a-memmove.o)
                0x00000000000037bc                memmove
 *(.text.*)
 .text.ADC_InterTSSampInit
                0x00000000000037e2       0x34 ./Libraries/WCH/CH585/StdPeriphDriver/CH58x_adc.o
                0x00000000000037e2                ADC_InterTSSampInit
 .text.HSECFG_Capacitance
                0x0000000000003816       0x50 ./Libraries/WCH/CH585/StdPeriphDriver/CH58x_clk.o
                0x0000000000003816                HSECFG_Capacitance
 .text.LSECFG_Current
                0x0000000000003866       0x4e ./Libraries/WCH/CH585/StdPeriphDriver/CH58x_clk.o
                0x0000000000003866                LSECFG_Current
 .text.RTC_InitTime
                0x00000000000038b4      0x1c2 ./Libraries/WCH/CH585/StdPeriphDriver/CH58x_clk.o
                0x00000000000038b4                RTC_InitTime
 .text.Calibration_LSI
                0x0000000000003a76      0x8dc ./Libraries/WCH/CH585/StdPeriphDriver/CH58x_clk.o
                0x0000000000003a76                Calibration_LSI
 .text.GPIOA_ModeCfg
                0x0000000000004352       0x82 ./Libraries/WCH/CH585/StdPeriphDriver/CH58x_gpio.o
                0x0000000000004352                GPIOA_ModeCfg
 .text.GPIOB_ModeCfg
                0x00000000000043d4       0x82 ./Libraries/WCH/CH585/StdPeriphDriver/CH58x_gpio.o
                0x00000000000043d4                GPIOB_ModeCfg
 .text.GPIOPinRemap
                0x0000000000004456       0x1c ./Libraries/WCH/CH585/StdPeriphDriver/CH58x_gpio.o
                0x0000000000004456                GPIOPinRemap
 .text.I2C_Cmd  0x0000000000004472       0x20 ./Libraries/WCH/CH585/StdPeriphDriver/CH58x_i2c.o
                0x0000000000004472                I2C_Cmd
 .text.I2C_GenerateSTART
                0x0000000000004492       0x22 ./Libraries/WCH/CH585/StdPeriphDriver/CH58x_i2c.o
                0x0000000000004492                I2C_GenerateSTART
 .text.I2C_GenerateSTOP
                0x00000000000044b4       0x22 ./Libraries/WCH/CH585/StdPeriphDriver/CH58x_i2c.o
                0x00000000000044b4                I2C_GenerateSTOP
 .text.I2C_AcknowledgeConfig
                0x00000000000044d6       0x22 ./Libraries/WCH/CH585/StdPeriphDriver/CH58x_i2c.o
                0x00000000000044d6                I2C_AcknowledgeConfig
 .text.I2C_SendData
                0x00000000000044f8        0xa ./Libraries/WCH/CH585/StdPeriphDriver/CH58x_i2c.o
                0x00000000000044f8                I2C_SendData
 .text.I2C_ReceiveData
                0x0000000000004502        0xe ./Libraries/WCH/CH585/StdPeriphDriver/CH58x_i2c.o
                0x0000000000004502                I2C_ReceiveData
 .text.I2C_Send7bitAddress
                0x0000000000004510       0x14 ./Libraries/WCH/CH585/StdPeriphDriver/CH58x_i2c.o
                0x0000000000004510                I2C_Send7bitAddress
 .text.I2C_SoftwareResetCmd
                0x0000000000004524       0x1a ./Libraries/WCH/CH585/StdPeriphDriver/CH58x_i2c.o
                0x0000000000004524                I2C_SoftwareResetCmd
 .text.I2C_Init
                0x000000000000453e      0x162 ./Libraries/WCH/CH585/StdPeriphDriver/CH58x_i2c.o
                0x000000000000453e                I2C_Init
 .text.I2C_CheckEvent
                0x00000000000046a0       0x20 ./Libraries/WCH/CH585/StdPeriphDriver/CH58x_i2c.o
                0x00000000000046a0                I2C_CheckEvent
 .text.I2C_ClearFlag
                0x00000000000046c0       0x12 ./Libraries/WCH/CH585/StdPeriphDriver/CH58x_i2c.o
                0x00000000000046c0                I2C_ClearFlag
 .text.SPI1_MasterDefInit
                0x00000000000046d2       0x26 ./Libraries/WCH/CH585/StdPeriphDriver/CH58x_spi1.o
                0x00000000000046d2                SPI1_MasterDefInit
 .text.SPI1_CLKCfg
                0x00000000000046f8       0x2a ./Libraries/WCH/CH585/StdPeriphDriver/CH58x_spi1.o
                0x00000000000046f8                SPI1_CLKCfg
 .text.SPI1_DataMode
                0x0000000000004722       0x68 ./Libraries/WCH/CH585/StdPeriphDriver/CH58x_spi1.o
                0x0000000000004722                SPI1_DataMode
 .text.SPI1_MasterTrans
                0x000000000000478a       0x44 ./Libraries/WCH/CH585/StdPeriphDriver/CH58x_spi1.o
                0x000000000000478a                SPI1_MasterTrans
 .text.GetSysClock
                0x00000000000047ce       0x74 ./Libraries/WCH/CH585/StdPeriphDriver/CH58x_sys.o
                0x00000000000047ce                GetSysClock
 .text.SYS_GetSysTickCnt
                0x0000000000004842        0x8 ./Libraries/WCH/CH585/StdPeriphDriver/CH58x_sys.o
                0x0000000000004842                SYS_GetSysTickCnt
 .text._write   0x000000000000484a       0x22 ./Libraries/WCH/CH585/StdPeriphDriver/CH58x_sys.o
                0x000000000000484a                _write
 .text._sbrk    0x000000000000486c       0x2c ./Libraries/WCH/CH585/StdPeriphDriver/CH58x_sys.o
                0x000000000000486c                _sbrk
 .text.UART0_BaudRateCfg
                0x0000000000004898       0x2e ./Libraries/WCH/CH585/StdPeriphDriver/CH58x_uart0.o
                0x0000000000004898                UART0_BaudRateCfg
 .text.UART0_DefInit
                0x00000000000048c6       0x2a ./Libraries/WCH/CH585/StdPeriphDriver/CH58x_uart0.o
                0x00000000000048c6                UART0_DefInit
 .text.Lib_Calibration_LSI
                0x00000000000048f0        0x6 ./Libraries/WCH/CH585/BLE/HAL/MCU.o
                0x00000000000048f0                Lib_Calibration_LSI
 .text.Lib_Read_Flash
                0x00000000000048f6       0x1c ./Libraries/WCH/CH585/BLE/HAL/MCU.o
                0x00000000000048f6                Lib_Read_Flash
 .text.HAL_GetInterTempValue
                0x0000000000004912       0x72 ./Libraries/WCH/CH585/BLE/HAL/MCU.o
                0x0000000000004912                HAL_GetInterTempValue
 .text.HAL_ProcessEvent
                0x0000000000004984       0x7e ./Libraries/WCH/CH585/BLE/HAL/MCU.o
                0x0000000000004984                HAL_ProcessEvent
 .text.Lib_Write_Flash_584X
                0x0000000000004a02       0x82 ./Libraries/WCH/CH585/BLE/HAL/MCU.o
                0x0000000000004a02                Lib_Write_Flash_584X
 .text.Lib_Write_Flash
                0x0000000000004a84       0x62 ./Libraries/WCH/CH585/BLE/HAL/MCU.o
                0x0000000000004a84                Lib_Write_Flash
 .text.CH58x_BLEInit
                0x0000000000004ae6      0x124 ./Libraries/WCH/CH585/BLE/HAL/MCU.o
                0x0000000000004ae6                CH58x_BLEInit
 .text.HAL_Init
                0x0000000000004c0a       0x2c ./Libraries/WCH/CH585/BLE/HAL/MCU.o
                0x0000000000004c0a                HAL_Init
 .text.HAL_TimeInit
                0x0000000000004c36       0xd6 ./Libraries/WCH/CH585/BLE/HAL/RTC.o
                0x0000000000004c36                HAL_TimeInit
 .text.BSP_TouchPad_Init
                0x0000000000004d0c       0xa0 ./Bsp/TouchPad/bsp_touchpad.o
                0x0000000000004d0c                BSP_TouchPad_Init
 .text.BSP_TouchPad_ReadChipId
                0x0000000000004dac       0x12 ./Bsp/TouchPad/bsp_touchpad.o
                0x0000000000004dac                BSP_TouchPad_ReadChipId
 .text.BSP_TouchPad_ReadPoint
                0x0000000000004dbe       0x76 ./Bsp/TouchPad/bsp_touchpad.o
                0x0000000000004dbe                BSP_TouchPad_ReadPoint
 .text.BSP_Motor_Init
                0x0000000000004e34       0x16 ./Bsp/Motor/bsp_motor.o
                0x0000000000004e34                BSP_Motor_Init
 .text.BSP_Motor_On
                0x0000000000004e4a        0xe ./Bsp/Motor/bsp_motor.o
                0x0000000000004e4a                BSP_Motor_On
 .text.BSP_Motor_Off
                0x0000000000004e58        0xe ./Bsp/Motor/bsp_motor.o
                0x0000000000004e58                BSP_Motor_Off
 .text.BSP_BMI270_ReadChipId
                0x0000000000004e66       0x10 ./Bsp/IMU/bsp_bmi270.o
                0x0000000000004e66                BSP_BMI270_ReadChipId
 .text.BSP_BMI270_ReadInternalStatus
                0x0000000000004e76       0x12 ./Bsp/IMU/bsp_bmi270.o
                0x0000000000004e76                BSP_BMI270_ReadInternalStatus
 .text.BSP_BMI270_Init
                0x0000000000004e88      0x140 ./Bsp/IMU/bsp_bmi270.o
                0x0000000000004e88                BSP_BMI270_Init
 .text.BSP_BMI270_ReadRawData
                0x0000000000004fc8       0x56 ./Bsp/IMU/bsp_bmi270.o
                0x0000000000004fc8                BSP_BMI270_ReadRawData
 .text.i2c_wait_event
                0x000000000000501e       0x44 ./Bsp/I2C/bsp_i2c_bus.o
 .text.BSP_I2C_Bus_Init
                0x0000000000005062       0x48 ./Bsp/I2C/bsp_i2c_bus.o
                0x0000000000005062                BSP_I2C_Bus_Init
 .text.BSP_I2C_Bus_Recover
                0x00000000000050aa       0xf2 ./Bsp/I2C/bsp_i2c_bus.o
                0x00000000000050aa                BSP_I2C_Bus_Recover
 .text.BSP_I2C_WriteBytes
                0x000000000000519c       0x82 ./Bsp/I2C/bsp_i2c_bus.o
                0x000000000000519c                BSP_I2C_WriteBytes
 .text.BSP_I2C_ReadBytes
                0x000000000000521e       0xb0 ./Bsp/I2C/bsp_i2c_bus.o
                0x000000000000521e                BSP_I2C_ReadBytes
 .text.BSP_I2C_WriteReg
                0x00000000000052ce       0x14 ./Bsp/I2C/bsp_i2c_bus.o
                0x00000000000052ce                BSP_I2C_WriteReg
 .text.BSP_I2C_WriteRegs
                0x00000000000052e2       0x92 ./Bsp/I2C/bsp_i2c_bus.o
                0x00000000000052e2                BSP_I2C_WriteRegs
 .text.BSP_I2C_ReadRegs
                0x0000000000005374       0x34 ./Bsp/I2C/bsp_i2c_bus.o
                0x0000000000005374                BSP_I2C_ReadRegs
 .text.BSP_I2C_ReadReg
                0x00000000000053a8        0xa ./Bsp/I2C/bsp_i2c_bus.o
                0x00000000000053a8                BSP_I2C_ReadReg
 .text.BSP_I2C_Probe
                0x00000000000053b2       0x56 ./Bsp/I2C/bsp_i2c_bus.o
                0x00000000000053b2                BSP_I2C_Probe
 .text.BSP_I2C_ScanFirst
                0x0000000000005408       0x3a ./Bsp/I2C/bsp_i2c_bus.o
                0x0000000000005408                BSP_I2C_ScanFirst
 .text.max30100_write_reg
                0x0000000000005442        0xa ./Bsp/HR/bsp_max30100.o
 .text.BSP_MAX30100_ResetFifo
                0x000000000000544c       0x28 ./Bsp/HR/bsp_max30100.o
                0x000000000000544c                BSP_MAX30100_ResetFifo
 .text.BSP_MAX30100_Init
                0x0000000000005474       0x94 ./Bsp/HR/bsp_max30100.o
                0x0000000000005474                BSP_MAX30100_Init
 .text.BSP_MAX30100_ReadSample
                0x0000000000005508       0x40 ./Bsp/HR/bsp_max30100.o
                0x0000000000005508                BSP_MAX30100_ReadSample
 .text.BSP_MAX30100_Process
                0x0000000000005548       0xe0 ./Bsp/HR/bsp_max30100.o
                0x0000000000005548                BSP_MAX30100_Process
 .text.lcd_write_bytes
                0x0000000000005628       0x38 ./Bsp/Disp/bsp_disp.o
 .text.lcd_write_data
                0x0000000000005660       0x2c ./Bsp/Disp/bsp_disp.o
 .text.lcd_write_u8
                0x000000000000568c       0x14 ./Bsp/Disp/bsp_disp.o
 .text.lcd_write_cmd
                0x00000000000056a0       0x34 ./Bsp/Disp/bsp_disp.o
 .text.lcd_set_window
                0x00000000000056d4       0x80 ./Bsp/Disp/bsp_disp.o
 .text.BSP_Disp_FillRect.part.0
                0x0000000000005754       0xb2 ./Bsp/Disp/bsp_disp.o
 .text.BSP_Disp_FillRect
                0x0000000000005806       0x18 ./Bsp/Disp/bsp_disp.o
                0x0000000000005806                BSP_Disp_FillRect
 .text.BSP_Disp_FillColor
                0x000000000000581e       0x10 ./Bsp/Disp/bsp_disp.o
                0x000000000000581e                BSP_Disp_FillColor
 .text.BSP_Disp_Init
                0x000000000000582e      0x196 ./Bsp/Disp/bsp_disp.o
                0x000000000000582e                BSP_Disp_Init
 .text.BSP_Disp_DrawChar
                0x00000000000059c4      0x180 ./Bsp/Disp/bsp_disp.o
                0x00000000000059c4                BSP_Disp_DrawChar
 .text.BSP_Disp_DrawString
                0x0000000000005b44       0x68 ./Bsp/Disp/bsp_disp.o
                0x0000000000005b44                BSP_Disp_DrawString
 .text.BSP_Disp_DrawStatusFrame
                0x0000000000005bac       0xfc ./Bsp/Disp/bsp_disp.o
                0x0000000000005bac                BSP_Disp_DrawStatusFrame
 .text.BSP_Disp_DrawStatusLine
                0x0000000000005ca8       0x7a ./Bsp/Disp/bsp_disp.o
                0x0000000000005ca8                BSP_Disp_DrawStatusLine
 .text.battMeasure
                0x0000000000005d22       0x6e ./App/BLE/battservice.o
 .text.battReadAttrCB
                0x0000000000005d90       0x66 ./App/BLE/battservice.o
 .text.battWriteAttrCB
                0x0000000000005df6       0x52 ./App/BLE/battservice.o
 .text.battNotifyCB
                0x0000000000005e48       0x60 ./App/BLE/battservice.o
 .text.Batt_AddService
                0x0000000000005ea8       0x2c ./App/BLE/battservice.o
                0x0000000000005ea8                Batt_AddService
 .text.Batt_Register
                0x0000000000005ed4        0x6 ./App/BLE/battservice.o
                0x0000000000005ed4                Batt_Register
 .text.Batt_SetParameter
                0x0000000000005eda       0x34 ./App/BLE/battservice.o
                0x0000000000005eda                Batt_SetParameter
 .text.Batt_GetParameter
                0x0000000000005f0e       0x52 ./App/BLE/battservice.o
                0x0000000000005f0e                Batt_GetParameter
 .text.Batt_MeasLevel
                0x0000000000005f60       0x26 ./App/BLE/battservice.o
                0x0000000000005f60                Batt_MeasLevel
 .text.Batt_HandleConnStatusCB
                0x0000000000005f86       0x3e ./App/BLE/battservice.o
                0x0000000000005f86                Batt_HandleConnStatusCB
 .text.devInfo_ReadAttrCB
                0x0000000000005fc4      0x162 ./App/BLE/devinfoservice.o
 .text.DevInfo_AddService
                0x0000000000006126       0x18 ./App/BLE/devinfoservice.o
                0x0000000000006126                DevInfo_AddService
 .text.hidDevScanParamCB
                0x000000000000613e        0x2 ./App/BLE/hiddev.o
 .text.hidDevRptByHandle
                0x0000000000006140       0x2a ./App/BLE/hiddev.o
 .text.hidDevParamUpdateCB
                0x000000000000616a       0x12 ./App/BLE/hiddev.o
 .text.hidDevInitialAdvertising
                0x000000000000617c       0x3a ./App/BLE/hiddev.o
 .text.hidDevBattCB
                0x00000000000061b6       0x28 ./App/BLE/hiddev.o
 .text.hidDevPairStateCB
                0x00000000000061de       0x28 ./App/BLE/hiddev.o
 .text.hidDevPasscodeCB
                0x0000000000006206       0x36 ./App/BLE/hiddev.o
 .text.HidDev_ProcessEvent
                0x000000000000623c       0xe2 ./App/BLE/hiddev.o
                0x000000000000623c                HidDev_ProcessEvent
 .text.hidDevGapStateCB
                0x000000000000631e      0x10e ./App/BLE/hiddev.o
 .text.HidDev_Init
                0x000000000000642c       0x6c ./App/BLE/hiddev.o
                0x000000000000642c                HidDev_Init
 .text.HidDev_Register
                0x0000000000006498        0xa ./App/BLE/hiddev.o
                0x0000000000006498                HidDev_Register
 .text.HidDev_RegisterReports
                0x00000000000064a2        0xa ./App/BLE/hiddev.o
                0x00000000000064a2                HidDev_RegisterReports
 .text.HidDev_Report
                0x00000000000064ac      0x118 ./App/BLE/hiddev.o
                0x00000000000064ac                HidDev_Report
 .text.HidDev_ReadAttrCB
                0x00000000000065c4       0xfa ./App/BLE/hiddev.o
                0x00000000000065c4                HidDev_ReadAttrCB
 .text.HidDev_WriteAttrCB
                0x00000000000066be      0x11a ./App/BLE/hiddev.o
                0x00000000000066be                HidDev_WriteAttrCB
 .text.hidEmuEvtCB
                0x00000000000067d8        0x2 ./App/BLE/hidmouse.o
 .text.hidEmuStateCB
                0x00000000000067da      0x106 ./App/BLE/hidmouse.o
 .text.hidEmuSendMouseWheelReport
                0x00000000000068e0       0x20 ./App/BLE/hidmouse.o
 .text.hidEmuRptCB
                0x0000000000006900       0x6a ./App/BLE/hidmouse.o
 .text.hidEmuTouchInit
                0x000000000000696a       0x5e ./App/BLE/hidmouse.o
 .text.hidEmuRecoverI2c.constprop.0
                0x00000000000069c8       0x2c ./App/BLE/hidmouse.o
 .text.HidEmu_ProcessEvent
                0x00000000000069f4      0xdee ./App/BLE/hidmouse.o
                0x00000000000069f4                HidEmu_ProcessEvent
 .text.HidEmu_Init
                0x00000000000077e2      0x1c4 ./App/BLE/hidmouse.o
                0x00000000000077e2                HidEmu_Init
 .text.Hid_AddService
                0x00000000000079a6       0x8c ./App/BLE/hidmouseservice.o
                0x00000000000079a6                Hid_AddService
 .text.Hid_SetParameter
                0x0000000000007a32       0x24 ./App/BLE/hidmouseservice.o
                0x0000000000007a32                Hid_SetParameter
 .text.Hid_GetParameter
                0x0000000000007a56       0x20 ./App/BLE/hidmouseservice.o
                0x0000000000007a56                Hid_GetParameter
 .text.scanParamReadAttrCB
                0x0000000000007a76        0x4 ./App/BLE/scanparamservice.o
 .text.scanParamWriteAttrCB
                0x0000000000007a7a       0x62 ./App/BLE/scanparamservice.o
 .text.ScanParam_AddService
                0x0000000000007adc       0x2c ./App/BLE/scanparamservice.o
                0x0000000000007adc                ScanParam_AddService
 .text.ScanParam_Register
                0x0000000000007b08        0x6 ./App/BLE/scanparamservice.o
                0x0000000000007b08                ScanParam_Register
 .text.ScanParam_RefreshNotify
                0x0000000000007b0e       0x54 ./App/BLE/scanparamservice.o
                0x0000000000007b0e                ScanParam_RefreshNotify
 .text.ScanParam_HandleConnStatusCB
                0x0000000000007b62       0x3e ./App/BLE/scanparamservice.o
                0x0000000000007b62                ScanParam_HandleConnStatusCB
 .text.startup.main
                0x0000000000007ba0       0x64 ./App/main.o
                0x0000000000007ba0                main
 .text.tmos_msg_extract
                0x0000000000007c04       0x1e d:\Other\嵌赛\git_ch585\code\Libraries\WCH\CH585\BLE\LIB\libCH58xBLE_PERI.a(message.o)
                0x0000000000007c04                tmos_msg_extract
 .text.tmos_msg_deallocate
                0x0000000000007c22       0x52 d:\Other\嵌赛\git_ch585\code\Libraries\WCH\CH585\BLE\LIB\libCH58xBLE_PERI.a(message.o)
                0x0000000000007c22                tmos_msg_deallocate
 .text.tmos_msg_send
                0x0000000000007c74       0x9e d:\Other\嵌赛\git_ch585\code\Libraries\WCH\CH585\BLE\LIB\libCH58xBLE_PERI.a(message.o)
                0x0000000000007c74                tmos_msg_send
 .text.tmos_msg_init
                0x0000000000007d12        0x6 d:\Other\嵌赛\git_ch585\code\Libraries\WCH\CH585\BLE\LIB\libCH58xBLE_PERI.a(message.o)
                0x0000000000007d12                tmos_msg_init
 .text.tmos_rand
                0x0000000000007d18       0x66 d:\Other\嵌赛\git_ch585\code\Libraries\WCH\CH585\BLE\LIB\libCH58xBLE_PERI.a(tmos.o)
                0x0000000000007d18                tmos_rand
 .text.TMOS_GetSystemClock
                0x0000000000007d7e       0x26 d:\Other\嵌赛\git_ch585\code\Libraries\WCH\CH585\BLE\LIB\libCH58xBLE_PERI.a(tmos.o)
                0x0000000000007d7e                TMOS_GetSystemClock
 .text.tmos_clear_event
                0x0000000000007da4       0x40 d:\Other\嵌赛\git_ch585\code\Libraries\WCH\CH585\BLE\LIB\libCH58xBLE_PERI.a(tmos.o)
                0x0000000000007da4                tmos_clear_event
 .text.tmos_update_callback_timer
                0x0000000000007de4       0xd8 d:\Other\嵌赛\git_ch585\code\Libraries\WCH\CH585\BLE\LIB\libCH58xBLE_PERI.a(tmos.o)
                0x0000000000007de4                tmos_update_callback_timer
 .text.tmos_start_task
                0x0000000000007ebc      0x14c d:\Other\嵌赛\git_ch585\code\Libraries\WCH\CH585\BLE\LIB\libCH58xBLE_PERI.a(tmos.o)
                0x0000000000007ebc                tmos_start_task
 .text.tmos_start_callback_task
                0x0000000000008008       0xc0 d:\Other\嵌赛\git_ch585\code\Libraries\WCH\CH585\BLE\LIB\libCH58xBLE_PERI.a(tmos.o)
                0x0000000000008008                tmos_start_callback_task
 .text.tmos_start_reload_task
                0x00000000000080c8       0x82 d:\Other\嵌赛\git_ch585\code\Libraries\WCH\CH585\BLE\LIB\libCH58xBLE_PERI.a(tmos.o)
                0x00000000000080c8                tmos_start_reload_task
 .text.tmos_stop_task
                0x000000000000814a       0x96 d:\Other\嵌赛\git_ch585\code\Libraries\WCH\CH585\BLE\LIB\libCH58xBLE_PERI.a(tmos.o)
                0x000000000000814a                tmos_stop_task
 .text.tmos_stop_callback_task
                0x00000000000081e0       0x7e d:\Other\嵌赛\git_ch585\code\Libraries\WCH\CH585\BLE\LIB\libCH58xBLE_PERI.a(tmos.o)
                0x00000000000081e0                tmos_stop_callback_task
 .text.tmos_get_task_timer
                0x000000000000825e       0x7e d:\Other\嵌赛\git_ch585\code\Libraries\WCH\CH585\BLE\LIB\libCH58xBLE_PERI.a(tmos.o)
                0x000000000000825e                tmos_get_task_timer
 .text.TMOS_TimerRegister
                0x00000000000082dc       0x1a d:\Other\嵌赛\git_ch585\code\Libraries\WCH\CH585\BLE\LIB\libCH58xBLE_PERI.a(tmos.o)
                0x00000000000082dc                TMOS_TimerRegister
 .text.TMOS_Init
                0x00000000000082f6      0x10c d:\Other\嵌赛\git_ch585\code\Libraries\WCH\CH585\BLE\LIB\libCH58xBLE_PERI.a(tmos.o)
                0x00000000000082f6                TMOS_Init
 .text.TMOS_ProcessEventRegister
                0x0000000000008402       0x2a d:\Other\嵌赛\git_ch585\code\Libraries\WCH\CH585\BLE\LIB\libCH58xBLE_PERI.a(tmos.o)
                0x0000000000008402                TMOS_ProcessEventRegister
 .text.BLE_LibInit
                0x000000000000842c       0xf6 d:\Other\嵌赛\git_ch585\code\Libraries\WCH\CH585\BLE\LIB\libCH58xBLE_PERI.a(tmos.o)
                0x000000000000842c                BLE_LibInit
 .text.clockGetTickValve
                0x0000000000008522       0x80 d:\Other\嵌赛\git_ch585\code\Libraries\WCH\CH585\BLE\LIB\libCH58xBLE_PERI.a(tmos_hw.o)
 .text.ll_get_sca_divisor
                0x00000000000085a2       0x40 d:\Other\嵌赛\git_ch585\code\Libraries\WCH\CH585\BLE\LIB\libCH58xBLE_PERI.a(tmos_hw.o)
                0x00000000000085a2                ll_get_sca_divisor
 .text.ll_get_sca_own
                0x00000000000085e2       0x46 d:\Other\嵌赛\git_ch585\code\Libraries\WCH\CH585\BLE\LIB\libCH58xBLE_PERI.a(tmos_hw.o)
                0x00000000000085e2                ll_get_sca_own
 .text.ble_ll_common_rand8
                0x0000000000008628       0x28 d:\Other\嵌赛\git_ch585\code\Libraries\WCH\CH585\BLE\LIB\libCH58xBLE_PERI.a(tmos_hw.o)
                0x0000000000008628                ble_ll_common_rand8
 .text.ble_ll_common_rand16
                0x0000000000008650       0x28 d:\Other\嵌赛\git_ch585\code\Libraries\WCH\CH585\BLE\LIB\libCH58xBLE_PERI.a(tmos_hw.o)
                0x0000000000008650                ble_ll_common_rand16
 .text.ble_ll_common_rand32
                0x0000000000008678       0x22 d:\Other\嵌赛\git_ch585\code\Libraries\WCH\CH585\BLE\LIB\libCH58xBLE_PERI.a(tmos_hw.o)
                0x0000000000008678                ble_ll_common_rand32
 .text.TMOS_TempSample
                0x000000000000869a       0x5c d:\Other\嵌赛\git_ch585\code\Libraries\WCH\CH585\BLE\LIB\libCH58xBLE_PERI.a(tmos_hw.o)
                0x000000000000869a                TMOS_TempSample
 .text.TMOS_TimerInit
                0x00000000000086f6       0xe2 d:\Other\嵌赛\git_ch585\code\Libraries\WCH\CH585\BLE\LIB\libCH58xBLE_PERI.a(tmos_hw.o)
                0x00000000000086f6                TMOS_TimerInit
 .text.tmos_snv_init
                0x00000000000087d8       0xa6 d:\Other\嵌赛\git_ch585\code\Libraries\WCH\CH585\BLE\LIB\libCH58xBLE_PERI.a(tmos_snv.o)
                0x00000000000087d8                tmos_snv_init
 .text.tmos_snv_read
                0x000000000000887e      0x20e d:\Other\嵌赛\git_ch585\code\Libraries\WCH\CH585\BLE\LIB\libCH58xBLE_PERI.a(tmos_snv.o)
                0x000000000000887e                tmos_snv_read
 .text.tmos_snv_notify
                0x0000000000008a8c       0x54 d:\Other\嵌赛\git_ch585\code\Libraries\WCH\CH585\BLE\LIB\libCH58xBLE_PERI.a(tmos_snv.o)
                0x0000000000008a8c                tmos_snv_notify
 .text.tmos_snv_write
                0x0000000000008ae0      0x25e d:\Other\嵌赛\git_ch585\code\Libraries\WCH\CH585\BLE\LIB\libCH58xBLE_PERI.a(tmos_snv.o)
                0x0000000000008ae0                tmos_snv_write
 .text.tmos_snv_compact
                0x0000000000008d3e        0x4 d:\Other\嵌赛\git_ch585\code\Libraries\WCH\CH585\BLE\LIB\libCH58xBLE_PERI.a(tmos_snv.o)
                0x0000000000008d3e                tmos_snv_compact
 .text.disconnectNext
                0x0000000000008d42       0x20 d:\Other\嵌赛\git_ch585\code\Libraries\WCH\CH585\BLE\LIB\libCH58xBLE_PERI.a(gap.o)
 .text.GAP_ParamInit
                0x0000000000008d62       0xe2 d:\Other\嵌赛\git_ch585\code\Libraries\WCH\CH585\BLE\LIB\libCH58xBLE_PERI.a(gap.o)
                0x0000000000008d62                GAP_ParamInit
 .text.sendTerminateEvent
                0x0000000000008e44       0x62 d:\Other\嵌赛\git_ch585\code\Libraries\WCH\CH585\BLE\LIB\libCH58xBLE_PERI.a(gap.o)
                0x0000000000008e44                sendTerminateEvent
 .text.gapRegisterPeripheral
                0x0000000000008ea6        0x6 d:\Other\嵌赛\git_ch585\code\Libraries\WCH\CH585\BLE\LIB\libCH58xBLE_PERI.a(gap.o)
                0x0000000000008ea6                gapRegisterPeripheral
 .text.gapRegisterPeripheralConn
                0x0000000000008eac        0x6 d:\Other\嵌赛\git_ch585\code\Libraries\WCH\CH585\BLE\LIB\libCH58xBLE_PERI.a(gap.o)
                0x0000000000008eac                gapRegisterPeripheralConn
 .text.smGenerateRandBuf
                0x0000000000008eb2       0x54 d:\Other\嵌赛\git_ch585\code\Libraries\WCH\CH585\BLE\LIB\libCH58xBLE_PERI.a(gap.o)
                0x0000000000008eb2                smGenerateRandBuf
 .text.gapL2capConnParamUpdateReq
                0x0000000000008f06       0x34 d:\Other\嵌赛\git_ch585\code\Libraries\WCH\CH585\BLE\LIB\libCH58xBLE_PERI.a(gap.o)
                0x0000000000008f06                gapL2capConnParamUpdateReq
 .text.gapValidADType
                0x0000000000008f3a       0x16 d:\Other\嵌赛\git_ch585\code\Libraries\WCH\CH585\BLE\LIB\libCH58xBLE_PERI.a(gap.o)
                0x0000000000008f3a                gapValidADType
 .text.gapFindADType
                0x0000000000008f50       0x8c d:\Other\嵌赛\git_ch585\code\Libraries\WCH\CH585\BLE\LIB\libCH58xBLE_PERI.a(gap.o)
                0x0000000000008f50                gapFindADType
 .text.GAP_SecParamsInit
                0x0000000000008fdc       0x9a d:\Other\嵌赛\git_ch585\code\Libraries\WCH\CH585\BLE\LIB\libCH58xBLE_PERI.a(gap.o)
                0x0000000000008fdc                GAP_SecParamsInit
 .text.GAP_ParamsInit
                0x0000000000009076       0x54 d:\Other\嵌赛\git_ch585\code\Libraries\WCH\CH585\BLE\LIB\libCH58xBLE_PERI.a(gap.o)
                0x0000000000009076                GAP_ParamsInit
 .text.gapAddAddrAdj
                0x00000000000090ca       0x3a d:\Other\嵌赛\git_ch585\code\Libraries\WCH\CH585\BLE\LIB\libCH58xBLE_PERI.a(gap.o)
                0x00000000000090ca                gapAddAddrAdj
 .text.gapDetermineAddrType
                0x0000000000009104       0x26 d:\Other\嵌赛\git_ch585\code\Libraries\WCH\CH585\BLE\LIB\libCH58xBLE_PERI.a(gap.o)
                0x0000000000009104                gapDetermineAddrType
 .text.gapFreeAuthLink
                0x000000000000912a       0x4a d:\Other\嵌赛\git_ch585\code\Libraries\WCH\CH585\BLE\LIB\libCH58xBLE_PERI.a(gap.o)
                0x000000000000912a                gapFreeAuthLink
 .text.gapGetDevAddress
                0x0000000000009174       0x24 d:\Other\嵌赛\git_ch585\code\Libraries\WCH\CH585\BLE\LIB\libCH58xBLE_PERI.a(gap.o)
                0x0000000000009174                gapGetDevAddress
 .text.gapGetDevAddressMode
                0x0000000000009198        0xa d:\Other\嵌赛\git_ch585\code\Libraries\WCH\CH585\BLE\LIB\libCH58xBLE_PERI.a(gap.o)
                0x0000000000009198                gapGetDevAddressMode
 .text.gapGetIRK
                0x00000000000091a2        0xa d:\Other\嵌赛\git_ch585\code\Libraries\WCH\CH585\BLE\LIB\libCH58xBLE_PERI.a(gap.o)
                0x00000000000091a2                gapGetIRK
 .text.gapGetSRK
                0x00000000000091ac        0xa d:\Other\嵌赛\git_ch585\code\Libraries\WCH\CH585\BLE\LIB\libCH58xBLE_PERI.a(gap.o)
                0x00000000000091ac                gapGetSRK
 .text.gapGetSignCounter
                0x00000000000091b6        0xc d:\Other\嵌赛\git_ch585\code\Libraries\WCH\CH585\BLE\LIB\libCH58xBLE_PERI.a(gap.o)
                0x00000000000091b6                gapGetSignCounter
 .text.gapIncSignCounter
                0x00000000000091c2       0x26 d:\Other\嵌赛\git_ch585\code\Libraries\WCH\CH585\BLE\LIB\libCH58xBLE_PERI.a(gap.o)
                0x00000000000091c2                gapIncSignCounter
 .text.gapProcessConnEvt
                0x00000000000091e8       0x3e d:\Other\嵌赛\git_ch585\code\Libraries\WCH\CH585\BLE\LIB\libCH58xBLE_PERI.a(gap.o)
                0x00000000000091e8                gapProcessConnEvt
 .text.gapProcessDisconnectCompleteEvt
                0x0000000000009226       0xa2 d:\Other\嵌赛\git_ch585\code\Libraries\WCH\CH585\BLE\LIB\libCH58xBLE_PERI.a(gap.o)
                0x0000000000009226                gapProcessDisconnectCompleteEvt
 .text.sendAuthEvent
                0x00000000000092c8      0x12a d:\Other\嵌赛\git_ch585\code\Libraries\WCH\CH585\BLE\LIB\libCH58xBLE_PERI.a(gap.o)
                0x00000000000092c8                sendAuthEvent
 .text.gapSendBondCompleteEvent
                0x00000000000093f2       0x78 d:\Other\嵌赛\git_ch585\code\Libraries\WCH\CH585\BLE\LIB\libCH58xBLE_PERI.a(gap.o)
                0x00000000000093f2                gapSendBondCompleteEvent
 .text.gapSendPairingReqEvent
                0x000000000000946a       0xb2 d:\Other\嵌赛\git_ch585\code\Libraries\WCH\CH585\BLE\LIB\libCH58xBLE_PERI.a(gap.o)
                0x000000000000946a                gapSendPairingReqEvent
 .text.gapSendSlaveSecurityReqEvent
                0x000000000000951c       0x6c d:\Other\嵌赛\git_ch585\code\Libraries\WCH\CH585\BLE\LIB\libCH58xBLE_PERI.a(gap.o)
                0x000000000000951c                gapSendSlaveSecurityReqEvent
 .text.gapSendDeviceInitDoneEvent
                0x0000000000009588       0x74 d:\Other\嵌赛\git_ch585\code\Libraries\WCH\CH585\BLE\LIB\libCH58xBLE_PERI.a(gap.o)
                0x0000000000009588                gapSendDeviceInitDoneEvent
 .text.gapSendLinkUpdateEvent
                0x00000000000095fc       0xb0 d:\Other\嵌赛\git_ch585\code\Libraries\WCH\CH585\BLE\LIB\libCH58xBLE_PERI.a(gap.o)
                0x00000000000095fc                gapSendLinkUpdateEvent
 .text.gapSendPhyUpdateEvent
                0x00000000000096ac       0x4c d:\Other\嵌赛\git_ch585\code\Libraries\WCH\CH585\BLE\LIB\libCH58xBLE_PERI.a(gap.o)
                0x00000000000096ac                gapSendPhyUpdateEvent
 .text.gapSendEstLinkEvent
                0x00000000000096f8       0x8a d:\Other\嵌赛\git_ch585\code\Libraries\WCH\CH585\BLE\LIB\libCH58xBLE_PERI.a(gap.o)
                0x00000000000096f8                gapSendEstLinkEvent
 .text.gapProcessNewAddr
                0x0000000000009782       0x44 d:\Other\嵌赛\git_ch585\code\Libraries\WCH\CH585\BLE\LIB\libCH58xBLE_PERI.a(gap.o)
                0x0000000000009782                gapProcessNewAddr
 .text.gapProcessRandomAddrComplete
                0x00000000000097c6       0x82 d:\Other\嵌赛\git_ch585\code\Libraries\WCH\CH585\BLE\LIB\libCH58xBLE_PERI.a(gap.o)
                0x00000000000097c6                gapProcessRandomAddrComplete
 .text.GAP_Authenticate
                0x0000000000009848       0xe0 d:\Other\嵌赛\git_ch585\code\Libraries\WCH\CH585\BLE\LIB\libCH58xBLE_PERI.a(gap.o)
                0x0000000000009848                GAP_Authenticate
 .text.GAP_Bond
                0x0000000000009928       0xa4 d:\Other\嵌赛\git_ch585\code\Libraries\WCH\CH585\BLE\LIB\libCH58xBLE_PERI.a(gap.o)
                0x0000000000009928                GAP_Bond
 .text.GAP_GetParamValue
                0x00000000000099cc       0x1e d:\Other\嵌赛\git_ch585\code\Libraries\WCH\CH585\BLE\LIB\libCH58xBLE_PERI.a(gap.o)
                0x00000000000099cc                GAP_GetParamValue
 .text.GAP_PasscodeUpdate
                0x00000000000099ea       0x54 d:\Other\嵌赛\git_ch585\code\Libraries\WCH\CH585\BLE\LIB\libCH58xBLE_PERI.a(gap.o)
                0x00000000000099ea                GAP_PasscodeUpdate
 .text.GAP_RegisterForMsgs
                0x0000000000009a3e        0xa d:\Other\嵌赛\git_ch585\code\Libraries\WCH\CH585\BLE\LIB\libCH58xBLE_PERI.a(gap.o)
                0x0000000000009a3e                GAP_RegisterForMsgs
 .text.GAP_ResolvePrivateAddr
                0x0000000000009a48        0x4 d:\Other\嵌赛\git_ch585\code\Libraries\WCH\CH585\BLE\LIB\libCH58xBLE_PERI.a(gap.o)
                0x0000000000009a48                GAP_ResolvePrivateAddr
 .text.gapPairingCompleteCB
                0x0000000000009a4c      0x1de d:\Other\嵌赛\git_ch585\code\Libraries\WCH\CH585\BLE\LIB\libCH58xBLE_PERI.a(gap.o)
                0x0000000000009a4c                gapPairingCompleteCB
 .text.gapPasskeyNeededCB
                0x0000000000009c2a       0x8e d:\Other\嵌赛\git_ch585\code\Libraries\WCH\CH585\BLE\LIB\libCH58xBLE_PERI.a(gap.o)
                0x0000000000009c2a                gapPasskeyNeededCB
 .text.gapOobNeededCB
                0x0000000000009cb8       0xac d:\Other\嵌赛\git_ch585\code\Libraries\WCH\CH585\BLE\LIB\libCH58xBLE_PERI.a(gap.o)
                0x0000000000009cb8                gapOobNeededCB
 .text.gapFreeEstLink
                0x0000000000009d64       0x1e d:\Other\嵌赛\git_ch585\code\Libraries\WCH\CH585\BLE\LIB\libCH58xBLE_PERI.a(gap.o)
                0x0000000000009d64                gapFreeEstLink
 .text.gapUpdateConnSignCounter
                0x0000000000009d82       0x7a d:\Other\嵌赛\git_ch585\code\Libraries\WCH\CH585\BLE\LIB\libCH58xBLE_PERI.a(gap.o)
                0x0000000000009d82                gapUpdateConnSignCounter
 .text.GAP_SendSlaveSecurityRequest
                0x0000000000009dfc       0x4a d:\Other\嵌赛\git_ch585\code\Libraries\WCH\CH585\BLE\LIB\libCH58xBLE_PERI.a(gap.o)
                0x0000000000009dfc                GAP_SendSlaveSecurityRequest
 .text.GAP_Signable
                0x0000000000009e46       0x6a d:\Other\嵌赛\git_ch585\code\Libraries\WCH\CH585\BLE\LIB\libCH58xBLE_PERI.a(gap.o)
                0x0000000000009e46                GAP_Signable
 .text.GAP_TerminateAuth
                0x0000000000009eb0       0x2e d:\Other\嵌赛\git_ch585\code\Libraries\WCH\CH585\BLE\LIB\libCH58xBLE_PERI.a(gap.o)
                0x0000000000009eb0                GAP_TerminateAuth
 .text.GAP_NumActiveConnections
                0x0000000000009ede        0x4 d:\Other\嵌赛\git_ch585\code\Libraries\WCH\CH585\BLE\LIB\libCH58xBLE_PERI.a(gap.o)
                0x0000000000009ede                GAP_NumActiveConnections
 .text.GAP_TerminateLinkReq
                0x0000000000009ee2       0x88 d:\Other\嵌赛\git_ch585\code\Libraries\WCH\CH585\BLE\LIB\libCH58xBLE_PERI.a(gap.o)
                0x0000000000009ee2                GAP_TerminateLinkReq
 .text.GAP_SetParamValue
                0x0000000000009f6a       0x6a d:\Other\嵌赛\git_ch585\code\Libraries\WCH\CH585\BLE\LIB\libCH58xBLE_PERI.a(gap.o)
                0x0000000000009f6a                GAP_SetParamValue
 .text.GAP_Init
                0x0000000000009fd4       0x3e d:\Other\嵌赛\git_ch585\code\Libraries\WCH\CH585\BLE\LIB\libCH58xBLE_PERI.a(gap.o)
                0x0000000000009fd4                GAP_Init
 .text.GAP_ProcessEvent
                0x000000000000a012      0x5cc d:\Other\嵌赛\git_ch585\code\Libraries\WCH\CH585\BLE\LIB\libCH58xBLE_PERI.a(gap.o)
                0x000000000000a012                GAP_ProcessEvent
 .text.gapFreeAdvertState
                0x000000000000a5de       0x1e d:\Other\嵌赛\git_ch585\code\Libraries\WCH\CH585\BLE\LIB\libCH58xBLE_PERI.a(gap_peripheral.o)
 .text.gapPeriProcessConnEvt
                0x000000000000a5fc       0xae d:\Other\嵌赛\git_ch585\code\Libraries\WCH\CH585\BLE\LIB\libCH58xBLE_PERI.a(gap_peripheral.o)
 .text.gapSetAdvParams
                0x000000000000a6aa      0x102 d:\Other\嵌赛\git_ch585\code\Libraries\WCH\CH585\BLE\LIB\libCH58xBLE_PERI.a(gap_peripheral.o)
 .text.gapWriteAdvDataStatus
                0x000000000000a7ac       0x8c d:\Other\嵌赛\git_ch585\code\Libraries\WCH\CH585\BLE\LIB\libCH58xBLE_PERI.a(gap_peripheral.o)
 .text.GAP_MakeDiscoverable
                0x000000000000a838      0x148 d:\Other\嵌赛\git_ch585\code\Libraries\WCH\CH585\BLE\LIB\libCH58xBLE_PERI.a(gap_peripheral.o)
                0x000000000000a838                GAP_MakeDiscoverable
 .text.GAP_EndDiscoverable
                0x000000000000a980       0x64 d:\Other\嵌赛\git_ch585\code\Libraries\WCH\CH585\BLE\LIB\libCH58xBLE_PERI.a(gap_peripheral.o)
                0x000000000000a980                GAP_EndDiscoverable
 .text.gapProcessAdvertisingEvt
                0x000000000000a9e4      0x11c d:\Other\嵌赛\git_ch585\code\Libraries\WCH\CH585\BLE\LIB\libCH58xBLE_PERI.a(gap_peripheral.o)
 .text.GAP_MakePeriodic
                0x000000000000ab00        0x4 d:\Other\嵌赛\git_ch585\code\Libraries\WCH\CH585\BLE\LIB\libCH58xBLE_PERI.a(gap_peripheral.o)
                0x000000000000ab00                GAP_MakePeriodic
 .text.GAP_SetAdvertisingAdvData
                0x000000000000ab04       0xc6 d:\Other\嵌赛\git_ch585\code\Libraries\WCH\CH585\BLE\LIB\libCH58xBLE_PERI.a(gap_peripheral.o)
                0x000000000000ab04                GAP_SetAdvertisingAdvData
 .text.GAP_SetAdvertisingRspData
                0x000000000000abca       0xc6 d:\Other\嵌赛\git_ch585\code\Libraries\WCH\CH585\BLE\LIB\libCH58xBLE_PERI.a(gap_peripheral.o)
                0x000000000000abca                GAP_SetAdvertisingRspData
 .text.GAP_SetPeriodicAdvertisingData
                0x000000000000ac90       0xc0 d:\Other\嵌赛\git_ch585\code\Libraries\WCH\CH585\BLE\LIB\libCH58xBLE_PERI.a(gap_peripheral.o)
                0x000000000000ac90                GAP_SetPeriodicAdvertisingData
 .text.GAP_GetAdvertisingAdvData
                0x000000000000ad50       0x22 d:\Other\嵌赛\git_ch585\code\Libraries\WCH\CH585\BLE\LIB\libCH58xBLE_PERI.a(gap_peripheral.o)
                0x000000000000ad50                GAP_GetAdvertisingAdvData
 .text.GAP_GetAdvertisingRspData
                0x000000000000ad72       0x2e d:\Other\嵌赛\git_ch585\code\Libraries\WCH\CH585\BLE\LIB\libCH58xBLE_PERI.a(gap_peripheral.o)
                0x000000000000ad72                GAP_GetAdvertisingRspData
 .text.GAP_ConfigDeviceAddr
                0x000000000000ada0      0x122 d:\Other\嵌赛\git_ch585\code\Libraries\WCH\CH585\BLE\LIB\libCH58xBLE_PERI.a(gap_peripheral.o)
                0x000000000000ada0                GAP_ConfigDeviceAddr
 .text.GAP_PeriConnRegister
                0x000000000000aec2       0x2e d:\Other\嵌赛\git_ch585\code\Libraries\WCH\CH585\BLE\LIB\libCH58xBLE_PERI.a(gap_peripheral.o)
                0x000000000000aec2                GAP_PeriConnRegister
 .text.GAP_PeripheralParamInit
                0x000000000000aef0       0x54 d:\Other\嵌赛\git_ch585\code\Libraries\WCH\CH585\BLE\LIB\libCH58xBLE_PERI.a(gap_peripheral.o)
                0x000000000000aef0                GAP_PeripheralParamInit
 .text.gapSendMakeDiscEvent
                0x000000000000af44       0x4c d:\Other\嵌赛\git_ch585\code\Libraries\WCH\CH585\BLE\LIB\libCH58xBLE_PERI.a(gap_peripheral.o)
                0x000000000000af44                gapSendMakeDiscEvent
 .text.gapWriteAdvEnableStatus
                0x000000000000af90       0xf8 d:\Other\嵌赛\git_ch585\code\Libraries\WCH\CH585\BLE\LIB\libCH58xBLE_PERI.a(gap_peripheral.o)
 .text.gapSendMakePeriodicEvent
                0x000000000000b088       0x38 d:\Other\嵌赛\git_ch585\code\Libraries\WCH\CH585\BLE\LIB\libCH58xBLE_PERI.a(gap_peripheral.o)
                0x000000000000b088                gapSendMakePeriodicEvent
 .text.gapPeriProcessHCICmdCompleteEvt
                0x000000000000b0c0      0x172 d:\Other\嵌赛\git_ch585\code\Libraries\WCH\CH585\BLE\LIB\libCH58xBLE_PERI.a(gap_peripheral.o)
 .text.GAP_PeriDevMgrInit
                0x000000000000b232       0x32 d:\Other\嵌赛\git_ch585\code\Libraries\WCH\CH585\BLE\LIB\libCH58xBLE_PERI.a(gap_peripheral.o)
                0x000000000000b232                GAP_PeriDevMgrInit
 .text.ggs_SetAttrWPermit
                0x000000000000b264       0x6a d:\Other\嵌赛\git_ch585\code\Libraries\WCH\CH585\BLE\LIB\libCH58xBLE_PERI.a(gapgattserver.o)
 .text.ggs_ReadAttrCB
                0x000000000000b2ce      0x11c d:\Other\嵌赛\git_ch585\code\Libraries\WCH\CH585\BLE\LIB\libCH58xBLE_PERI.a(gapgattserver.o)
 .text.ggs_WriteAttrCB
                0x000000000000b3ea      0x160 d:\Other\嵌赛\git_ch585\code\Libraries\WCH\CH585\BLE\LIB\libCH58xBLE_PERI.a(gapgattserver.o)
 .text.GGS_ParamInit
                0x000000000000b54a       0xc6 d:\Other\嵌赛\git_ch585\code\Libraries\WCH\CH585\BLE\LIB\libCH58xBLE_PERI.a(gapgattserver.o)
                0x000000000000b54a                GGS_ParamInit
 .text.GGS_SetParameter
                0x000000000000b610      0x1d2 d:\Other\嵌赛\git_ch585\code\Libraries\WCH\CH585\BLE\LIB\libCH58xBLE_PERI.a(gapgattserver.o)
                0x000000000000b610                GGS_SetParameter
 .text.GGS_AddService
                0x000000000000b7e2      0x302 d:\Other\嵌赛\git_ch585\code\Libraries\WCH\CH585\BLE\LIB\libCH58xBLE_PERI.a(gapgattserver.o)
                0x000000000000b7e2                GGS_AddService
 .text.GAP_DeviceInit
                0x000000000000bae4       0x54 d:\Other\嵌赛\git_ch585\code\Libraries\WCH\CH585\BLE\LIB\libCH58xBLE_PERI.a(gapgattserver.o)
                0x000000000000bae4                GAP_DeviceInit
 .text.gattGetPayload
                0x000000000000bb38       0x4e d:\Other\嵌赛\git_ch585\code\Libraries\WCH\CH585\BLE\LIB\libCH58xBLE_PERI.a(gatt.o)
                0x000000000000bb38                gattGetPayload
 .text.gattNotifyEvent
                0x000000000000bb86       0x86 d:\Other\嵌赛\git_ch585\code\Libraries\WCH\CH585\BLE\LIB\libCH58xBLE_PERI.a(gatt.o)
                0x000000000000bb86                gattNotifyEvent
 .text.gattSendFlowCtrlEvt
                0x000000000000bc0c       0x4c d:\Other\嵌赛\git_ch585\code\Libraries\WCH\CH585\BLE\LIB\libCH58xBLE_PERI.a(gatt.o)
                0x000000000000bc0c                gattSendFlowCtrlEvt
 .text.gattStartTimer
                0x000000000000bc58        0xc d:\Other\嵌赛\git_ch585\code\Libraries\WCH\CH585\BLE\LIB\libCH58xBLE_PERI.a(gatt.o)
                0x000000000000bc58                gattStartTimer
 .text.gattStopTimer
                0x000000000000bc64       0x26 d:\Other\嵌赛\git_ch585\code\Libraries\WCH\CH585\BLE\LIB\libCH58xBLE_PERI.a(gatt.o)
                0x000000000000bc64                gattStopTimer
 .text.GATT_AppCompletedMsg
                0x000000000000bc8a       0x28 d:\Other\嵌赛\git_ch585\code\Libraries\WCH\CH585\BLE\LIB\libCH58xBLE_PERI.a(gatt.o)
                0x000000000000bc8a                GATT_AppCompletedMsg
 .text.GATT_NotifyEvent
                0x000000000000bcb2       0x5c d:\Other\嵌赛\git_ch585\code\Libraries\WCH\CH585\BLE\LIB\libCH58xBLE_PERI.a(gatt.o)
                0x000000000000bcb2                GATT_NotifyEvent
 .text.gattRegisterServer
                0x000000000000bd0e        0x6 d:\Other\嵌赛\git_ch585\code\Libraries\WCH\CH585\BLE\LIB\libCH58xBLE_PERI.a(gatt.o)
                0x000000000000bd0e                gattRegisterServer
 .text.GATT_UpdateMTU
                0x000000000000bd14       0x5a d:\Other\嵌赛\git_ch585\code\Libraries\WCH\CH585\BLE\LIB\libCH58xBLE_PERI.a(gatt.o)
                0x000000000000bd14                GATT_UpdateMTU
 .text.GATT_bm_alloc
                0x000000000000bd6e       0xf4 d:\Other\嵌赛\git_ch585\code\Libraries\WCH\CH585\BLE\LIB\libCH58xBLE_PERI.a(gatt.o)
                0x000000000000bd6e                GATT_bm_alloc
 .text.GATT_ServiceChangedInd
                0x000000000000be62       0x86 d:\Other\嵌赛\git_ch585\code\Libraries\WCH\CH585\BLE\LIB\libCH58xBLE_PERI.a(gatt.o)
                0x000000000000be62                GATT_ServiceChangedInd
 .text.GATT_bm_free
                0x000000000000bee8       0x1c d:\Other\嵌赛\git_ch585\code\Libraries\WCH\CH585\BLE\LIB\libCH58xBLE_PERI.a(gatt.o)
                0x000000000000bee8                GATT_bm_free
 .text.GATT_Init
                0x000000000000bf04       0x2a d:\Other\嵌赛\git_ch585\code\Libraries\WCH\CH585\BLE\LIB\libCH58xBLE_PERI.a(gatt.o)
                0x000000000000bf04                GATT_Init
 .text.GATT_ProcessEvent
                0x000000000000bf2e      0x17c d:\Other\嵌赛\git_ch585\code\Libraries\WCH\CH585\BLE\LIB\libCH58xBLE_PERI.a(gatt.o)
                0x000000000000bf2e                GATT_ProcessEvent
 .text.gattProcessExchangeMTUReq
                0x000000000000c0aa        0x4 d:\Other\嵌赛\git_ch585\code\Libraries\WCH\CH585\BLE\LIB\libCH58xBLE_PERI.a(gattservapp.o)
 .text.gattServApp_FindCharCfgItem
                0x000000000000c0ae       0x26 d:\Other\嵌赛\git_ch585\code\Libraries\WCH\CH585\BLE\LIB\libCH58xBLE_PERI.a(gattservapp.o)
 .text.gattServerHandleTimerCB
                0x000000000000c0d4       0x30 d:\Other\嵌赛\git_ch585\code\Libraries\WCH\CH585\BLE\LIB\libCH58xBLE_PERI.a(gattservapp.o)
 .text.GATTServApp_InitCharCfg.part.0
                0x000000000000c104       0x1e d:\Other\嵌赛\git_ch585\code\Libraries\WCH\CH585\BLE\LIB\libCH58xBLE_PERI.a(gattservapp.o)
 .text.gattProcessExecuteWriteReq
                0x000000000000c122        0x4 d:\Other\嵌赛\git_ch585\code\Libraries\WCH\CH585\BLE\LIB\libCH58xBLE_PERI.a(gattservapp.o)
 .text.GATTServApp_ParamInit
                0x000000000000c126       0xb4 d:\Other\嵌赛\git_ch585\code\Libraries\WCH\CH585\BLE\LIB\libCH58xBLE_PERI.a(gattservapp.o)
                0x000000000000c126                GATTServApp_ParamInit
 .text.GATTServApp_ReadCharCfg
                0x000000000000c1da       0x16 d:\Other\嵌赛\git_ch585\code\Libraries\WCH\CH585\BLE\LIB\libCH58xBLE_PERI.a(gattservapp.o)
                0x000000000000c1da                GATTServApp_ReadCharCfg
 .text.GATTServApp_WriteCharCfg
                0x000000000000c1f0       0x3a d:\Other\嵌赛\git_ch585\code\Libraries\WCH\CH585\BLE\LIB\libCH58xBLE_PERI.a(gattservapp.o)
                0x000000000000c1f0                GATTServApp_WriteCharCfg
 .text.GATTServApp_ProcessCCCWriteReq
                0x000000000000c22a       0x54 d:\Other\嵌赛\git_ch585\code\Libraries\WCH\CH585\BLE\LIB\libCH58xBLE_PERI.a(gattservapp.o)
                0x000000000000c22a                GATTServApp_ProcessCCCWriteReq
 .text.gattServApp_WriteAttrCB
                0x000000000000c27e       0x2c d:\Other\嵌赛\git_ch585\code\Libraries\WCH\CH585\BLE\LIB\libCH58xBLE_PERI.a(gattservapp.o)
                0x000000000000c27e                gattServApp_WriteAttrCB
 .text.GATTServApp_SendCCCUpdatedEvent
                0x000000000000c2aa       0x64 d:\Other\嵌赛\git_ch585\code\Libraries\WCH\CH585\BLE\LIB\libCH58xBLE_PERI.a(gattservapp.o)
                0x000000000000c2aa                GATTServApp_SendCCCUpdatedEvent
 .text.GATTServApp_SendServiceChangedInd
                0x000000000000c30e       0x34 d:\Other\嵌赛\git_ch585\code\Libraries\WCH\CH585\BLE\LIB\libCH58xBLE_PERI.a(gattservapp.o)
                0x000000000000c30e                GATTServApp_SendServiceChangedInd
 .text.gattServApp_ClearPrepareWriteQ
                0x000000000000c342       0x4c d:\Other\嵌赛\git_ch585\code\Libraries\WCH\CH585\BLE\LIB\libCH58xBLE_PERI.a(gattservapp.o)
                0x000000000000c342                gattServApp_ClearPrepareWriteQ
 .text.gattServApp_FindPrepareWriteQ
                0x000000000000c38e       0x2e d:\Other\嵌赛\git_ch585\code\Libraries\WCH\CH585\BLE\LIB\libCH58xBLE_PERI.a(gattservapp.o)
                0x000000000000c38e                gattServApp_FindPrepareWriteQ
 .text.gattServApp_FindServiceCBs
                0x000000000000c3bc       0x18 d:\Other\嵌赛\git_ch585\code\Libraries\WCH\CH585\BLE\LIB\libCH58xBLE_PERI.a(gattservapp.o)
                0x000000000000c3bc                gattServApp_FindServiceCBs
 .text.gattServApp_FindAuthorizeAttrCB
                0x000000000000c3d4       0x16 d:\Other\嵌赛\git_ch585\code\Libraries\WCH\CH585\BLE\LIB\libCH58xBLE_PERI.a(gattservapp.o)
                0x000000000000c3d4                gattServApp_FindAuthorizeAttrCB
 .text.gattServApp_IsWriteLong
                0x000000000000c3ea       0xf8 d:\Other\嵌赛\git_ch585\code\Libraries\WCH\CH585\BLE\LIB\libCH58xBLE_PERI.a(gattservapp.o)
                0x000000000000c3ea                gattServApp_IsWriteLong
 .text.gattFindService
                0x000000000000c4e2       0x1a d:\Other\嵌赛\git_ch585\code\Libraries\WCH\CH585\BLE\LIB\libCH58xBLE_PERI.a(gattservapp.o)
                0x000000000000c4e2                gattFindService
 .text.GATT_ServiceNumAttrs
                0x000000000000c4fc       0x16 d:\Other\嵌赛\git_ch585\code\Libraries\WCH\CH585\BLE\LIB\libCH58xBLE_PERI.a(gattservapp.o)
                0x000000000000c4fc                GATT_ServiceNumAttrs
 .text.GATT_ServiceEncKeySize
                0x000000000000c512       0x16 d:\Other\嵌赛\git_ch585\code\Libraries\WCH\CH585\BLE\LIB\libCH58xBLE_PERI.a(gattservapp.o)
                0x000000000000c512                GATT_ServiceEncKeySize
 .text.gattResetServerInfo
                0x000000000000c528       0x1a d:\Other\嵌赛\git_ch585\code\Libraries\WCH\CH585\BLE\LIB\libCH58xBLE_PERI.a(gattservapp.o)
                0x000000000000c528                gattResetServerInfo
 .text.gattServerHandleConnStatusCB
                0x000000000000c542       0x9e d:\Other\嵌赛\git_ch585\code\Libraries\WCH\CH585\BLE\LIB\libCH58xBLE_PERI.a(gattservapp.o)
                0x000000000000c542                gattServerHandleConnStatusCB
 .text.gattServerProcessMsgCB
                0x000000000000c5e0      0x18c d:\Other\嵌赛\git_ch585\code\Libraries\WCH\CH585\BLE\LIB\libCH58xBLE_PERI.a(gattservapp.o)
                0x000000000000c5e0                gattServerProcessMsgCB
 .text.gattServerNotifyTxCB
                0x000000000000c76c       0x2a d:\Other\嵌赛\git_ch585\code\Libraries\WCH\CH585\BLE\LIB\libCH58xBLE_PERI.a(gattservapp.o)
 .text.GATTServApp_WriteAttr
                0x000000000000c796       0xa8 d:\Other\嵌赛\git_ch585\code\Libraries\WCH\CH585\BLE\LIB\libCH58xBLE_PERI.a(gattservapp.o)
                0x000000000000c796                GATTServApp_WriteAttr
 .text.gattServApp_ProcessExecuteWriteReq
                0x000000000000c83e      0x10c d:\Other\嵌赛\git_ch585\code\Libraries\WCH\CH585\BLE\LIB\libCH58xBLE_PERI.a(gattservapp.o)
                0x000000000000c83e                gattServApp_ProcessExecuteWriteReq
 .text.GATTServApp_UpdateCharCfg
                0x000000000000c94a       0x1c d:\Other\嵌赛\git_ch585\code\Libraries\WCH\CH585\BLE\LIB\libCH58xBLE_PERI.a(gattservapp.o)
                0x000000000000c94a                GATTServApp_UpdateCharCfg
 .text.gattServApp_ProcessPrepareWriteReq
                0x000000000000c966       0xf2 d:\Other\嵌赛\git_ch585\code\Libraries\WCH\CH585\BLE\LIB\libCH58xBLE_PERI.a(gattservapp.o)
                0x000000000000c966                gattServApp_ProcessPrepareWriteReq
 .text.gattServApp_ProcessWriteReq
                0x000000000000ca58       0x9a d:\Other\嵌赛\git_ch585\code\Libraries\WCH\CH585\BLE\LIB\libCH58xBLE_PERI.a(gattservapp.o)
                0x000000000000ca58                gattServApp_ProcessWriteReq
 .text.GATT_Indication
                0x000000000000caf2       0xac d:\Other\嵌赛\git_ch585\code\Libraries\WCH\CH585\BLE\LIB\libCH58xBLE_PERI.a(gattservapp.o)
                0x000000000000caf2                GATT_Indication
 .text.GATT_FindHandleUUID
                0x000000000000cb9e       0x88 d:\Other\嵌赛\git_ch585\code\Libraries\WCH\CH585\BLE\LIB\libCH58xBLE_PERI.a(gattservapp.o)
                0x000000000000cb9e                GATT_FindHandleUUID
 .text.gattProcessReadByGrpTypeReq
                0x000000000000cc26       0x4c d:\Other\嵌赛\git_ch585\code\Libraries\WCH\CH585\BLE\LIB\libCH58xBLE_PERI.a(gattservapp.o)
 .text.gattProcessReadByTypeReq
                0x000000000000cc72       0x2e d:\Other\嵌赛\git_ch585\code\Libraries\WCH\CH585\BLE\LIB\libCH58xBLE_PERI.a(gattservapp.o)
 .text.gattProcessFindByTypeValueReq
                0x000000000000cca0       0x2e d:\Other\嵌赛\git_ch585\code\Libraries\WCH\CH585\BLE\LIB\libCH58xBLE_PERI.a(gattservapp.o)
 .text.gattProcessFindInfoReq
                0x000000000000ccce      0x16e d:\Other\嵌赛\git_ch585\code\Libraries\WCH\CH585\BLE\LIB\libCH58xBLE_PERI.a(gattservapp.o)
 .text.GATT_Notification
                0x000000000000ce3c       0x7c d:\Other\嵌赛\git_ch585\code\Libraries\WCH\CH585\BLE\LIB\libCH58xBLE_PERI.a(gattservapp.o)
                0x000000000000ce3c                GATT_Notification
 .text.GATT_VerifyWritePermissions
                0x000000000000ceb8       0x76 d:\Other\嵌赛\git_ch585\code\Libraries\WCH\CH585\BLE\LIB\libCH58xBLE_PERI.a(gattservapp.o)
                0x000000000000ceb8                GATT_VerifyWritePermissions
 .text.gattProcessWriteReq
                0x000000000000cf2e       0x38 d:\Other\嵌赛\git_ch585\code\Libraries\WCH\CH585\BLE\LIB\libCH58xBLE_PERI.a(gattservapp.o)
 .text.GATT_VerifyPrepareWritePermissions
                0x000000000000cf66       0x6c d:\Other\嵌赛\git_ch585\code\Libraries\WCH\CH585\BLE\LIB\libCH58xBLE_PERI.a(gattservapp.o)
                0x000000000000cf66                GATT_VerifyPrepareWritePermissions
 .text.gattProcessPrepareWriteReq
                0x000000000000cfd2       0x38 d:\Other\嵌赛\git_ch585\code\Libraries\WCH\CH585\BLE\LIB\libCH58xBLE_PERI.a(gattservapp.o)
 .text.GATT_FindNextAttr
                0x000000000000d00a       0xa8 d:\Other\嵌赛\git_ch585\code\Libraries\WCH\CH585\BLE\LIB\libCH58xBLE_PERI.a(gattservapp.o)
                0x000000000000d00a                GATT_FindNextAttr
 .text.GATTServApp_ReadAttr
                0x000000000000d0b2      0x2be d:\Other\嵌赛\git_ch585\code\Libraries\WCH\CH585\BLE\LIB\libCH58xBLE_PERI.a(gattservapp.o)
                0x000000000000d0b2                GATTServApp_ReadAttr
 .text.gattServApp_ProcessReadMultiReq
                0x000000000000d370      0x156 d:\Other\嵌赛\git_ch585\code\Libraries\WCH\CH585\BLE\LIB\libCH58xBLE_PERI.a(gattservapp.o)
                0x000000000000d370                gattServApp_ProcessReadMultiReq
 .text.gattServApp_ProcessFindByTypeValueReq
                0x000000000000d4c6      0x184 d:\Other\嵌赛\git_ch585\code\Libraries\WCH\CH585\BLE\LIB\libCH58xBLE_PERI.a(gattservapp.o)
                0x000000000000d4c6                gattServApp_ProcessFindByTypeValueReq
 .text.GATT_VerifyReadPermissions
                0x000000000000d64a       0x68 d:\Other\嵌赛\git_ch585\code\Libraries\WCH\CH585\BLE\LIB\libCH58xBLE_PERI.a(gattservapp.o)
                0x000000000000d64a                GATT_VerifyReadPermissions
 .text.gattProcessReadMultiReq
                0x000000000000d6b2       0x9e d:\Other\嵌赛\git_ch585\code\Libraries\WCH\CH585\BLE\LIB\libCH58xBLE_PERI.a(gattservapp.o)
 .text.gattProcessReadReq
                0x000000000000d750       0x34 d:\Other\嵌赛\git_ch585\code\Libraries\WCH\CH585\BLE\LIB\libCH58xBLE_PERI.a(gattservapp.o)
 .text.gattServApp_ProcessReadByGrpTypeReq
                0x000000000000d784      0x1c0 d:\Other\嵌赛\git_ch585\code\Libraries\WCH\CH585\BLE\LIB\libCH58xBLE_PERI.a(gattservapp.o)
                0x000000000000d784                gattServApp_ProcessReadByGrpTypeReq
 .text.gattServApp_ProcessReadByTypeReq
                0x000000000000d944      0x172 d:\Other\嵌赛\git_ch585\code\Libraries\WCH\CH585\BLE\LIB\libCH58xBLE_PERI.a(gattservapp.o)
                0x000000000000d944                gattServApp_ProcessReadByTypeReq
 .text.GATT_RegisterService
                0x000000000000dab6       0xe4 d:\Other\嵌赛\git_ch585\code\Libraries\WCH\CH585\BLE\LIB\libCH58xBLE_PERI.a(gattservapp.o)
                0x000000000000dab6                GATT_RegisterService
 .text.GATTServApp_RegisterService
                0x000000000000db9a       0x6e d:\Other\嵌赛\git_ch585\code\Libraries\WCH\CH585\BLE\LIB\libCH58xBLE_PERI.a(gattservapp.o)
                0x000000000000db9a                GATTServApp_RegisterService
 .text.GATTServApp_AddService
                0x000000000000dc08       0x2c d:\Other\嵌赛\git_ch585\code\Libraries\WCH\CH585\BLE\LIB\libCH58xBLE_PERI.a(gattservapp.o)
                0x000000000000dc08                GATTServApp_AddService
 .text.GATTServApp_RegisterForMsg
                0x000000000000dc34        0x6 d:\Other\嵌赛\git_ch585\code\Libraries\WCH\CH585\BLE\LIB\libCH58xBLE_PERI.a(gattservapp.o)
                0x000000000000dc34                GATTServApp_RegisterForMsg
 .text.GATTServApp_InitCharCfg
                0x000000000000dc3a       0x26 d:\Other\嵌赛\git_ch585\code\Libraries\WCH\CH585\BLE\LIB\libCH58xBLE_PERI.a(gattservapp.o)
                0x000000000000dc3a                GATTServApp_InitCharCfg
 .text.gattServApp_HandleConnStatusCB
                0x000000000000dc60       0x6e d:\Other\嵌赛\git_ch585\code\Libraries\WCH\CH585\BLE\LIB\libCH58xBLE_PERI.a(gattservapp.o)
                0x000000000000dc60                gattServApp_HandleConnStatusCB
 .text.GATT_InitServer
                0x000000000000dcce       0xf0 d:\Other\嵌赛\git_ch585\code\Libraries\WCH\CH585\BLE\LIB\libCH58xBLE_PERI.a(gattservapp.o)
                0x000000000000dcce                GATT_InitServer
 .text.GATTServApp_Init
                0x000000000000ddbe       0x32 d:\Other\嵌赛\git_ch585\code\Libraries\WCH\CH585\BLE\LIB\libCH58xBLE_PERI.a(gattservapp.o)
                0x000000000000ddbe                GATTServApp_Init
 .text.GATTServApp_ProcessEvent
                0x000000000000ddf0      0x2f6 d:\Other\嵌赛\git_ch585\code\Libraries\WCH\CH585\BLE\LIB\libCH58xBLE_PERI.a(gattservapp.o)
                0x000000000000ddf0                GATTServApp_ProcessEvent
 .text.l2capAllocConnChannel
                0x000000000000e0e6       0xd2 d:\Other\嵌赛\git_ch585\code\Libraries\WCH\CH585\BLE\LIB\libCH58xBLE_PERI.a(l2cap.o)
                0x000000000000e0e6                l2capAllocConnChannel
 .text.l2capFindLocalCID
                0x000000000000e1b8       0x28 d:\Other\嵌赛\git_ch585\code\Libraries\WCH\CH585\BLE\LIB\libCH58xBLE_PERI.a(l2cap.o)
                0x000000000000e1b8                l2capFindLocalCID
 .text.l2capFindLocalId
                0x000000000000e1e0       0x2a d:\Other\嵌赛\git_ch585\code\Libraries\WCH\CH585\BLE\LIB\libCH58xBLE_PERI.a(l2cap.o)
                0x000000000000e1e0                l2capFindLocalId
 .text.l2capFindPsm
                0x000000000000e20a       0x28 d:\Other\嵌赛\git_ch585\code\Libraries\WCH\CH585\BLE\LIB\libCH58xBLE_PERI.a(l2cap.o)
                0x000000000000e20a                l2capFindPsm
 .text.l2capFindRemoteCID
                0x000000000000e232       0x34 d:\Other\嵌赛\git_ch585\code\Libraries\WCH\CH585\BLE\LIB\libCH58xBLE_PERI.a(l2cap.o)
                0x000000000000e232                l2capFindRemoteCID
 .text.l2capFreeChannel
                0x000000000000e266       0x4c d:\Other\嵌赛\git_ch585\code\Libraries\WCH\CH585\BLE\LIB\libCH58xBLE_PERI.a(l2cap.o)
                0x000000000000e266                l2capFreeChannel
 .text.l2capDisconnectChannel
                0x000000000000e2b2       0x26 d:\Other\嵌赛\git_ch585\code\Libraries\WCH\CH585\BLE\LIB\libCH58xBLE_PERI.a(l2cap.o)
                0x000000000000e2b2                l2capDisconnectChannel
 .text.l2capHandleTimerCB
                0x000000000000e2d8       0x2a d:\Other\嵌赛\git_ch585\code\Libraries\WCH\CH585\BLE\LIB\libCH58xBLE_PERI.a(l2cap.o)
                0x000000000000e2d8                l2capHandleTimerCB
 .text.l2capFreePendingPkt
                0x000000000000e302       0x52 d:\Other\嵌赛\git_ch585\code\Libraries\WCH\CH585\BLE\LIB\libCH58xBLE_PERI.a(l2cap.o)
                0x000000000000e302                l2capFreePendingPkt
 .text.l2capGetCoChannelInfo
                0x000000000000e354       0x56 d:\Other\嵌赛\git_ch585\code\Libraries\WCH\CH585\BLE\LIB\libCH58xBLE_PERI.a(l2cap.o)
                0x000000000000e354                l2capGetCoChannelInfo
 .text.l2capNumActiveChannnels
                0x000000000000e3aa       0x3c d:\Other\嵌赛\git_ch585\code\Libraries\WCH\CH585\BLE\LIB\libCH58xBLE_PERI.a(l2cap.o)
                0x000000000000e3aa                l2capNumActiveChannnels
 .text.l2capStartTimer
                0x000000000000e3e6       0x1a d:\Other\嵌赛\git_ch585\code\Libraries\WCH\CH585\BLE\LIB\libCH58xBLE_PERI.a(l2cap.o)
                0x000000000000e3e6                l2capStartTimer
 .text.l2capStopTimer
                0x000000000000e400       0x1a d:\Other\嵌赛\git_ch585\code\Libraries\WCH\CH585\BLE\LIB\libCH58xBLE_PERI.a(l2cap.o)
                0x000000000000e400                l2capStopTimer
 .text.l2capDisconnectAllChannels
                0x000000000000e41a       0xdc d:\Other\嵌赛\git_ch585\code\Libraries\WCH\CH585\BLE\LIB\libCH58xBLE_PERI.a(l2cap.o)
                0x000000000000e41a                l2capDisconnectAllChannels
 .text.l2capHandleConnStatusCB
                0x000000000000e4f6       0x3c d:\Other\嵌赛\git_ch585\code\Libraries\WCH\CH585\BLE\LIB\libCH58xBLE_PERI.a(l2cap.o)
                0x000000000000e4f6                l2capHandleConnStatusCB
 .text.l2capHandleRxError
                0x000000000000e532        0x6 d:\Other\嵌赛\git_ch585\code\Libraries\WCH\CH585\BLE\LIB\libCH58xBLE_PERI.a(l2cap.o)
                0x000000000000e532                l2capHandleRxError
 .text.L2CAP_GetMTU
                0x000000000000e538        0x6 d:\Other\嵌赛\git_ch585\code\Libraries\WCH\CH585\BLE\LIB\libCH58xBLE_PERI.a(l2cap.o)
                0x000000000000e538                L2CAP_GetMTU
 .text.L2CAP_HostNumCompletedPkts
                0x000000000000e53e       0x24 d:\Other\嵌赛\git_ch585\code\Libraries\WCH\CH585\BLE\LIB\libCH58xBLE_PERI.a(l2cap.o)
                0x000000000000e53e                L2CAP_HostNumCompletedPkts
 .text.L2CAP_ParseConnectReq
                0x000000000000e562       0x40 d:\Other\嵌赛\git_ch585\code\Libraries\WCH\CH585\BLE\LIB\libCH58xBLE_PERI.a(l2cap.o)
                0x000000000000e562                L2CAP_ParseConnectReq
 .text.L2CAP_ParseFlowCtrlCredit
                0x000000000000e5a2       0x22 d:\Other\嵌赛\git_ch585\code\Libraries\WCH\CH585\BLE\LIB\libCH58xBLE_PERI.a(l2cap.o)
                0x000000000000e5a2                L2CAP_ParseFlowCtrlCredit
 .text.L2CAP_RegisterApp
                0x000000000000e5c4       0x2a d:\Other\嵌赛\git_ch585\code\Libraries\WCH\CH585\BLE\LIB\libCH58xBLE_PERI.a(l2cap.o)
                0x000000000000e5c4                L2CAP_RegisterApp
 .text.L2CAP_SetBufSize
                0x000000000000e5ee       0x18 d:\Other\嵌赛\git_ch585\code\Libraries\WCH\CH585\BLE\LIB\libCH58xBLE_PERI.a(l2cap.o)
                0x000000000000e5ee                L2CAP_SetBufSize
 .text.L2CAP_bm_alloc
                0x000000000000e606       0x2e d:\Other\嵌赛\git_ch585\code\Libraries\WCH\CH585\BLE\LIB\libCH58xBLE_PERI.a(l2cap.o)
                0x000000000000e606                L2CAP_bm_alloc
 .text.L2CAP_Init
                0x000000000000e634      0x134 d:\Other\嵌赛\git_ch585\code\Libraries\WCH\CH585\BLE\LIB\libCH58xBLE_PERI.a(l2cap.o)
                0x000000000000e634                L2CAP_Init
 .text.L2CAP_ProcessEvent
                0x000000000000e768       0xc4 d:\Other\嵌赛\git_ch585\code\Libraries\WCH\CH585\BLE\LIB\libCH58xBLE_PERI.a(l2cap.o)
                0x000000000000e768                L2CAP_ProcessEvent
 .text.l2capParseCmdReject
                0x000000000000e82c       0x42 d:\Other\嵌赛\git_ch585\code\Libraries\WCH\CH585\BLE\LIB\libCH58xBLE_PERI.a(l2cap_input.o)
                0x000000000000e82c                l2capParseCmdReject
 .text.l2capParseDisconnectReq
                0x000000000000e86e       0x22 d:\Other\嵌赛\git_ch585\code\Libraries\WCH\CH585\BLE\LIB\libCH58xBLE_PERI.a(l2cap_input.o)
                0x000000000000e86e                l2capParseDisconnectReq
 .text.l2capParseDisconnectRsp
                0x000000000000e890       0x22 d:\Other\嵌赛\git_ch585\code\Libraries\WCH\CH585\BLE\LIB\libCH58xBLE_PERI.a(l2cap_input.o)
                0x000000000000e890                l2capParseDisconnectRsp
 .text.L2CAP_ParseParamUpdateReq
                0x000000000000e8b2       0x36 d:\Other\嵌赛\git_ch585\code\Libraries\WCH\CH585\BLE\LIB\libCH58xBLE_PERI.a(l2cap_input.o)
                0x000000000000e8b2                L2CAP_ParseParamUpdateReq
 .text.l2capParseParamUpdateRsp
                0x000000000000e8e8       0x18 d:\Other\嵌赛\git_ch585\code\Libraries\WCH\CH585\BLE\LIB\libCH58xBLE_PERI.a(l2cap_input.o)
                0x000000000000e8e8                l2capParseParamUpdateRsp
 .text.l2capProcessConnectReq
                0x000000000000e900       0xd8 d:\Other\嵌赛\git_ch585\code\Libraries\WCH\CH585\BLE\LIB\libCH58xBLE_PERI.a(l2cap_input.o)
                0x000000000000e900                l2capProcessConnectReq
 .text.l2capParseConnectRsp
                0x000000000000e9d8       0x40 d:\Other\嵌赛\git_ch585\code\Libraries\WCH\CH585\BLE\LIB\libCH58xBLE_PERI.a(l2cap_input.o)
                0x000000000000e9d8                l2capParseConnectRsp
 .text.l2capParseSignalHdr